Archive member included to satisfy reference by file (symbol)

c:/st/stm32cubeide_1.12.0/stm32cubeide/plugins/com.st.stm32cube.ide.mcu.externaltools.gnu-tools-for-stm32.10.3-2021.10.win32_1.0.200.202301161003/tools/bin/../lib/gcc/arm-none-eabi/10.3.1/../../../../arm-none-eabi/lib/thumb/v7e-m+fp/hard\libc_nano.a(lib_a-errno.o)
                              ./Src/MCAL/syscalls.o (__errno)
c:/st/stm32cubeide_1.12.0/stm32cubeide/plugins/com.st.stm32cube.ide.mcu.externaltools.gnu-tools-for-stm32.10.3-2021.10.win32_1.0.200.202301161003/tools/bin/../lib/gcc/arm-none-eabi/10.3.1/../../../../arm-none-eabi/lib/thumb/v7e-m+fp/hard\libc_nano.a(lib_a-exit.o)
                              c:/st/stm32cubeide_1.12.0/stm32cubeide/plugins/com.st.stm32cube.ide.mcu.externaltools.gnu-tools-for-stm32.10.3-2021.10.win32_1.0.200.202301161003/tools/bin/../lib/gcc/arm-none-eabi/10.3.1/../../../../arm-none-eabi/lib/thumb/v7e-m+fp/hard/crt0.o (exit)
c:/st/stm32cubeide_1.12.0/stm32cubeide/plugins/com.st.stm32cube.ide.mcu.externaltools.gnu-tools-for-stm32.10.3-2021.10.win32_1.0.200.202301161003/tools/bin/../lib/gcc/arm-none-eabi/10.3.1/../../../../arm-none-eabi/lib/thumb/v7e-m+fp/hard\libc_nano.a(lib_a-impure.o)
                              c:/st/stm32cubeide_1.12.0/stm32cubeide/plugins/com.st.stm32cube.ide.mcu.externaltools.gnu-tools-for-stm32.10.3-2021.10.win32_1.0.200.202301161003/tools/bin/../lib/gcc/arm-none-eabi/10.3.1/../../../../arm-none-eabi/lib/thumb/v7e-m+fp/hard\libc_nano.a(lib_a-exit.o) (_global_impure_ptr)
c:/st/stm32cubeide_1.12.0/stm32cubeide/plugins/com.st.stm32cube.ide.mcu.externaltools.gnu-tools-for-stm32.10.3-2021.10.win32_1.0.200.202301161003/tools/bin/../lib/gcc/arm-none-eabi/10.3.1/../../../../arm-none-eabi/lib/thumb/v7e-m+fp/hard\libc_nano.a(lib_a-init.o)
                              c:/st/stm32cubeide_1.12.0/stm32cubeide/plugins/com.st.stm32cube.ide.mcu.externaltools.gnu-tools-for-stm32.10.3-2021.10.win32_1.0.200.202301161003/tools/bin/../lib/gcc/arm-none-eabi/10.3.1/../../../../arm-none-eabi/lib/thumb/v7e-m+fp/hard/crt0.o (__libc_init_array)
c:/st/stm32cubeide_1.12.0/stm32cubeide/plugins/com.st.stm32cube.ide.mcu.externaltools.gnu-tools-for-stm32.10.3-2021.10.win32_1.0.200.202301161003/tools/bin/../lib/gcc/arm-none-eabi/10.3.1/../../../../arm-none-eabi/lib/thumb/v7e-m+fp/hard\libc_nano.a(lib_a-memset.o)
                              c:/st/stm32cubeide_1.12.0/stm32cubeide/plugins/com.st.stm32cube.ide.mcu.externaltools.gnu-tools-for-stm32.10.3-2021.10.win32_1.0.200.202301161003/tools/bin/../lib/gcc/arm-none-eabi/10.3.1/../../../../arm-none-eabi/lib/thumb/v7e-m+fp/hard/crt0.o (memset)
c:/st/stm32cubeide_1.12.0/stm32cubeide/plugins/com.st.stm32cube.ide.mcu.externaltools.gnu-tools-for-stm32.10.3-2021.10.win32_1.0.200.202301161003/tools/bin/../lib/gcc/arm-none-eabi/10.3.1/../../../../arm-none-eabi/lib/thumb/v7e-m+fp/hard\libc_nano.a(lib_a-nano-vfprintf_float.o)
                              (_printf_float)
c:/st/stm32cubeide_1.12.0/stm32cubeide/plugins/com.st.stm32cube.ide.mcu.externaltools.gnu-tools-for-stm32.10.3-2021.10.win32_1.0.200.202301161003/tools/bin/../lib/gcc/arm-none-eabi/10.3.1/../../../../arm-none-eabi/lib/thumb/v7e-m+fp/hard\libc_nano.a(lib_a-nano-vfprintf_i.o)
                              c:/st/stm32cubeide_1.12.0/stm32cubeide/plugins/com.st.stm32cube.ide.mcu.externaltools.gnu-tools-for-stm32.10.3-2021.10.win32_1.0.200.202301161003/tools/bin/../lib/gcc/arm-none-eabi/10.3.1/../../../../arm-none-eabi/lib/thumb/v7e-m+fp/hard\libc_nano.a(lib_a-nano-vfprintf_float.o) (_printf_common)
c:/st/stm32cubeide_1.12.0/stm32cubeide/plugins/com.st.stm32cube.ide.mcu.externaltools.gnu-tools-for-stm32.10.3-2021.10.win32_1.0.200.202301161003/tools/bin/../lib/gcc/arm-none-eabi/10.3.1/../../../../arm-none-eabi/lib/thumb/v7e-m+fp/hard\libc_nano.a(lib_a-sprintf.o)
                              ./Src/BALO/ST7735.o (sprintf)
c:/st/stm32cubeide_1.12.0/stm32cubeide/plugins/com.st.stm32cube.ide.mcu.externaltools.gnu-tools-for-stm32.10.3-2021.10.win32_1.0.200.202301161003/tools/bin/../lib/gcc/arm-none-eabi/10.3.1/../../../../arm-none-eabi/lib/thumb/v7e-m+fp/hard\libc_nano.a(lib_a-strlen.o)
                              ./Src/BALO/ST7735.o (strlen)
c:/st/stm32cubeide_1.12.0/stm32cubeide/plugins/com.st.stm32cube.ide.mcu.externaltools.gnu-tools-for-stm32.10.3-2021.10.win32_1.0.200.202301161003/tools/bin/../lib/gcc/arm-none-eabi/10.3.1/../../../../arm-none-eabi/lib/thumb/v7e-m+fp/hard\libc_nano.a(lib_a-dtoa.o)
                              c:/st/stm32cubeide_1.12.0/stm32cubeide/plugins/com.st.stm32cube.ide.mcu.externaltools.gnu-tools-for-stm32.10.3-2021.10.win32_1.0.200.202301161003/tools/bin/../lib/gcc/arm-none-eabi/10.3.1/../../../../arm-none-eabi/lib/thumb/v7e-m+fp/hard\libc_nano.a(lib_a-nano-vfprintf_float.o) (_dtoa_r)
[...]
Memory Configuration

Name             Origin             Length             Attributes
RAM              0x0000000020000000 0x0000000000010000 xrw
FLASH            0x0000000008000000 0x0000000000040000 xr
*default*        0x0000000000000000 0xffffffffffffffff

Linker script and memory map

LOAD c:/st/stm32cubeide_1.12.0/stm32cubeide/plugins/com.st.stm32cube.ide.mcu.externaltools.gnu-tools-for-stm32.10.3-2021.10.win32_1.0.200.202301161003/tools/bin/../lib/gcc/arm-none-eabi/10.3.1/thumb/v7e-m+fp/hard/crti.o
LOAD c:/st/stm32cubeide_1.12.0/stm32cubeide/plugins/com.st.stm32cube.ide.mcu.externaltools.gnu-tools-for-stm32.10.3-2021.10.win32_1.0.200.202301161003/tools/bin/../lib/gcc/arm-none-eabi/10.3.1/thumb/v7e-m+fp/hard/crtbegin.o
LOAD c:/st/stm32cubeide_1.12.0/stm32cubeide/plugins/com.st.stm32cube.ide.mcu.externaltools.gnu-tools-for-stm32.10.3-2021.10.win32_1.0.200.202301161003/tools/bin/../lib/gcc/arm-none-eabi/10.3.1/../../../../arm-none-eabi/lib/thumb/v7e-m+fp/hard/crt0.o
LOAD ./Src/BALO/RotaryPushButton.o
LOAD ./Src/BALO/ST7735.o
LOAD ./Src/BALO/adcBAT.o
LOAD ./Src/BALO/i2cAMIS.o
LOAD ./Src/BALO/i2cDeivces.o
LOAD ./Src/BALO/i2cMPU.o
LOAD ./Src/BALO/i2cRFID.o
LOAD ./Src/BALO/i2cTOF.o
LOAD ./Src/BALO/regler.o
LOAD ./Src/MCAL/MCALF401.o
LOAD ./Src/MCAL/mcalADC.o
LOAD ./Src/MCAL/mcalDMAC.o
LOAD ./Src/MCAL/mcalEXTI.o
LOAD ./Src/MCAL/mcalFlash.o
LOAD ./Src/MCAL/mcalGPIO.o
LOAD ./Src/MCAL/mcalI2C.o
LOAD ./Src/MCAL/mcalRCC.o
LOAD ./Src/MCAL/mcalSPI.o
LOAD ./Src/MCAL/mcalSysTick.o
LOAD ./Src/MCAL/mcalUsart.o
LOAD ./Src/MCAL/syscalls.o
LOAD ./Src/MCAL/sysmem.o
LOAD ./Src/MCAL/mcalTimer/advancedControl.o
LOAD ./Src/MCAL/mcalTimer/commonCapComp.o
LOAD ./Src/MCAL/mcalTimer/deprecated.o
LOAD ./Src/MCAL/mcalTimer/dma.o
LOAD ./Src/MCAL/mcalTimer/events.o
LOAD ./Src/MCAL/mcalTimer/inputCapture.o
LOAD ./Src/MCAL/mcalTimer/interrupt.o
LOAD ./Src/MCAL/mcalTimer/masterSlave.o
LOAD ./Src/MCAL/mcalTimer/mcalTimer.o
LOAD ./Src/MCAL/mcalTimer/outputCompare.o
LOAD ./Src/MCAL/mcalTimer/verification.o
LOAD ./Src/main.o
LOAD ./Src/system_stm32f4xx.o
LOAD ./Startup/startup_stm32f401ccux.o
START GROUP
LOAD c:/st/stm32cubeide_1.12.0/stm32cubeide/plugins/com.st.stm32cube.ide.mcu.externaltools.gnu-tools-for-stm32.10.3-2021.10.win32_1.0.200.202301161003/tools/bin/../lib/gcc/arm-none-eabi/10.3.1/../../../../arm-none-eabi/lib/thumb/v7e-m+fp/hard\libc_nano.a
LOAD c:/st/stm32cubeide_1.12.0/stm32cubeide/plugins/com.st.stm32cube.ide.mcu.externaltools.gnu-tools-for-stm32.10.3-2021.10.win32_1.0.200.202301161003/tools/bin/../lib/gcc/arm-none-eabi/10.3.1/../../../../arm-none-eabi/lib/thumb/v7e-m+fp/hard\libm.a
END GROUP
START GROUP
LOAD c:/st/stm32cubeide_1.12.0/stm32cubeide/plugins/com.st.stm32cube.ide.mcu.externaltools.gnu-tools-for-stm32.10.3-2021.10.win32_1.0.200.202301161003/tools/bin/../lib/gcc/arm-none-eabi/10.3.1/thumb/v7e-m+fp/hard\libgcc.a
LOAD c:/st/stm32cubeide_1.12.0/stm32cubeide/plugins/com.st.stm32cube.ide.mcu.externaltools.gnu-tools-for-stm32.10.3-2021.10.win32_1.0.200.202301161003/tools/bin/../lib/gcc/arm-none-eabi/10.3.1/../../../../arm-none-eabi/lib/thumb/v7e-m+fp/hard\libc_nano.a
END GROUP
START GROUP
LOAD c:/st/stm32cubeide_1.12.0/stm32cubeide/plugins/com.st.stm32cube.ide.mcu.externaltools.gnu-tools-for-stm32.10.3-2021.10.win32_1.0.200.202301161003/tools/bin/../lib/gcc/arm-none-eabi/10.3.1/thumb/v7e-m+fp/hard\libgcc.a
LOAD c:/st/stm32cubeide_1.12.0/stm32cubeide/plugins/com.st.stm32cube.ide.mcu.externaltools.gnu-tools-for-stm32.10.3-2021.10.win32_1.0.200.202301161003/tools/bin/../lib/gcc/arm-none-eabi/10.3.1/../../../../arm-none-eabi/lib/thumb/v7e-m+fp/hard\libc_nano.a
LOAD c:/st/stm32cubeide_1.12.0/stm32cubeide/plugins/com.st.stm32cube.ide.mcu.externaltools.gnu-tools-for-stm32.10.3-2021.10.win32_1.0.200.202301161003/tools/bin/../lib/gcc/arm-none-eabi/10.3.1/../../../../arm-none-eabi/lib/thumb/v7e-m+fp/hard\libnosys.a
END GROUP
START GROUP
LOAD c:/st/stm32cubeide_1.12.0/stm32cubeide/plugins/com.st.stm32cube.ide.mcu.externaltools.gnu-tools-for-stm32.10.3-2021.10.win32_1.0.200.202301161003/tools/bin/../lib/gcc/arm-none-eabi/10.3.1/thumb/v7e-m+fp/hard\libgcc.a
LOAD c:/st/stm32cubeide_1.12.0/stm32cubeide/plugins/com.st.stm32cube.ide.mcu.externaltools.gnu-tools-for-stm32.10.3-2021.10.win32_1.0.200.202301161003/tools/bin/../lib/gcc/arm-none-eabi/10.3.1/../../../../arm-none-eabi/lib/thumb/v7e-m+fp/hard\libc_nano.a
LOAD c:/st/stm32cubeide_1.12.0/stm32cubeide/plugins/com.st.stm32cube.ide.mcu.externaltools.gnu-tools-for-stm32.10.3-2021.10.win32_1.0.200.202301161003/tools/bin/../lib/gcc/arm-none-eabi/10.3.1/../../../../arm-none-eabi/lib/thumb/v7e-m+fp/hard\libnosys.a
END GROUP
LOAD c:/st/stm32cubeide_1.12.0/stm32cubeide/plugins/com.st.stm32cube.ide.mcu.externaltools.gnu-tools-for-stm32.10.3-2021.10.win32_1.0.200.202301161003/tools/bin/../lib/gcc/arm-none-eabi/10.3.1/thumb/v7e-m+fp/hard/crtend.o
LOAD c:/st/stm32cubeide_1.12.0/stm32cubeide/plugins/com.st.stm32cube.ide.mcu.externaltools.gnu-tools-for-stm32.10.3-2021.10.win32_1.0.200.202301161003/tools/bin/../lib/gcc/arm-none-eabi/10.3.1/thumb/v7e-m+fp/hard/crtn.o
                0x0000000020010000                _estack = (ORIGIN (RAM) + LENGTH (RAM))
                0x0000000000000200                _Min_Heap_Size = 0x200
                0x0000000000000400                _Min_Stack_Size = 0x400

.isr_vector     0x0000000008000000      0x194
                0x0000000008000000                . = ALIGN (0x4)
 *(.isr_vector)
 .isr_vector    0x0000000008000000      0x194 ./Startup/startup_stm32f401ccux.o
                0x0000000008000000                g_pfnVectors
                0x0000000008000194                . = ALIGN (0x4)

.text           0x00000000080001a0     0xcf54
                0x00000000080001a0                . = ALIGN (0x4)
 *(.text)
 .text          0x00000000080001a0       0x40 c:/st/stm32cubeide_1.12.0/stm32cubeide/plugins/com.st.stm32cube.ide.mcu.externaltools.gnu-tools-for-stm32.10.3-2021.10.win32_1.0.200.202301161003/tools/bin/../lib/gcc/arm-none-eabi/10.3.1/thumb/v7e-m+fp/hard/crtbegin.o
 .text          0x00000000080001e0       0x10 c:/st/stm32cubeide_1.12.0/stm32cubeide/plugins/com.st.stm32cube.ide.mcu.externaltools.gnu-tools-for-stm32.10.3-2021.10.win32_1.0.200.202301161003/tools/bin/../lib/gcc/arm-none-eabi/10.3.1/../../../../arm-none-eabi/lib/thumb/v7e-m+fp/hard\libc_nano.a(lib_a-strlen.o)
                0x00000000080001e0                strlen
 .text          0x00000000080001f0       0xa0 c:/st/stm32cubeide_1.12.0/stm32cubeide/plugins/com.st.stm32cube.ide.mcu.externaltools.gnu-tools-for-stm32.10.3-2021.10.win32_1.0.200.202301161003/tools/bin/../lib/gcc/arm-none-eabi/10.3.1/../../../../arm-none-eabi/lib/thumb/v7e-m+fp/hard\libc_nano.a(lib_a-memchr.o)
                0x00000000080001f0                memchr
 .text          0x0000000008000290      0x378 c:/st/stm32cubeide_1.12.0/stm32cubeide/plugins/com.st.stm32cube.ide.mcu.externaltools.gnu-tools-for-stm32.10.3-2021.10.win32_1.0.200.202301161003/tools/bin/../lib/gcc/arm-none-eabi/10.3.1/thumb/v7e-m+fp/hard\libgcc.a(_arm_addsubdf3.o)
                0x0000000008000290                __aeabi_drsub
                0x0000000008000298                __aeabi_dsub
                0x0000000008000298                __subdf3
                0x000000000800029c                __aeabi_dadd
                0x000000000800029c                __adddf3
                0x0000000008000514                __floatunsidf
                0x0000000008000514                __aeabi_ui2d
                0x0000000008000534                __floatsidf
                0x0000000008000534                __aeabi_i2d
                0x0000000008000558                __aeabi_f2d
                0x0000000008000558                __extendsfdf2
                0x000000000800059c                __floatundidf
                0x000000000800059c                __aeabi_ul2d
                0x00000000080005ac                __floatdidf
                0x00000000080005ac                __aeabi_l2d
 .text          0x0000000008000608      0x424 c:/st/stm32cubeide_1.12.0/stm32cubeide/plugins/com.st.stm32cube.ide.mcu.externaltools.gnu-tools-for-stm32.10.3-2021.10.win32_1.0.200.202301161003/tools/bin/../lib/gcc/arm-none-eabi/10.3.1/thumb/v7e-m+fp/hard\libgcc.a(_arm_muldivdf3.o)
                0x0000000008000608                __aeabi_dmul
                0x0000000008000608                __muldf3
                0x000000000800085c                __divdf3
                0x000000000800085c                __aeabi_ddiv
 .text          0x0000000008000a2c      0x110 c:/st/stm32cubeide_1.12.0/stm32cubeide/plugins/com.st.stm32cube.ide.mcu.externaltools.gnu-tools-for-stm32.10.3-2021.10.win32_1.0.200.202301161003/tools/bin/../lib/gcc/arm-none-eabi/10.3.1/thumb/v7e-m+fp/hard\libgcc.a(_arm_cmpdf2.o)
                0x0000000008000a2c                __gtdf2
                0x0000000008000a2c                __gedf2
                0x0000000008000a34                __ltdf2
                0x0000000008000a34                __ledf2
                0x0000000008000a3c                __nedf2
                0x0000000008000a3c                __eqdf2
                0x0000000008000a3c                __cmpdf2
                0x0000000008000ab8                __aeabi_cdrcmple
                0x0000000008000ac8                __aeabi_cdcmpeq
                0x0000000008000ac8                __aeabi_cdcmple
                0x0000000008000ad8                __aeabi_dcmpeq
                0x0000000008000aec                __aeabi_dcmplt
                0x0000000008000b00                __aeabi_dcmple
                0x0000000008000b14                __aeabi_dcmpge
                0x0000000008000b28                __aeabi_dcmpgt
 .text          0x0000000008000b3c       0x2c c:/st/stm32cubeide_1.12.0/stm32cubeide/plugins/com.st.stm32cube.ide.mcu.externaltools.gnu-tools-for-stm32.10.3-2021.10.win32_1.0.200.202301161003/tools/bin/../lib/gcc/arm-none-eabi/10.3.1/thumb/v7e-m+fp/hard\libgcc.a(_arm_unorddf2.o)
                0x0000000008000b3c                __unorddf2
                0x0000000008000b3c                __aeabi_dcmpun
 .text          0x0000000008000b68       0x50 c:/st/stm32cubeide_1.12.0/stm32cubeide/plugins/com.st.stm32cube.ide.mcu.externaltools.gnu-tools-for-stm32.10.3-2021.10.win32_1.0.200.202301161003/tools/bin/../lib/gcc/arm-none-eabi/10.3.1/thumb/v7e-m+fp/hard\libgcc.a(_arm_fixdfsi.o)
                0x0000000008000b68                __aeabi_d2iz
                0x0000000008000b68                __fixdfsi
 .text          0x0000000008000bb8       0xa0 c:/st/stm32cubeide_1.12.0/stm32cubeide/plugins/com.st.stm32cube.ide.mcu.externaltools.gnu-tools-for-stm32.10.3-2021.10.win32_1.0.200.202301161003/tools/bin/../lib/gcc/arm-none-eabi/10.3.1/thumb/v7e-m+fp/hard\libgcc.a(_arm_truncdfsf2.o)
                0x0000000008000bb8                __truncdfsf2
                0x0000000008000bb8                __aeabi_d2f
 .text          0x0000000008000c58       0x30 c:/st/stm32cubeide_1.12.0/stm32cubeide/plugins/com.st.stm32cube.ide.mcu.externaltools.gnu-tools-for-stm32.10.3-2021.10.win32_1.0.200.202301161003/tools/bin/../lib/gcc/arm-none-eabi/10.3.1/thumb/v7e-m+fp/hard\libgcc.a(_aeabi_uldivmod.o)
                0x0000000008000c58                __aeabi_uldivmod
 .text          0x0000000008000c88      0x2d0 c:/st/stm32cubeide_1.12.0/stm32cubeide/plugins/com.st.stm32cube.ide.mcu.externaltools.gnu-tools-for-stm32.10.3-2021.10.win32_1.0.200.202301161003/tools/bin/../lib/gcc/arm-none-eabi/10.3.1/thumb/v7e-m+fp/hard\libgcc.a(_udivmoddi4.o)
                0x0000000008000c88                __udivmoddi4
 .text          0x0000000008000f58        0x4 c:/st/stm32cubeide_1.12.0/stm32cubeide/plugins/com.st.stm32cube.ide.mcu.externaltools.gnu-tools-for-stm32.10.3-2021.10.win32_1.0.200.202301161003/tools/bin/../lib/gcc/arm-none-eabi/10.3.1/thumb/v7e-m+fp/hard\libgcc.a(_dvmd_tls.o)
                0x0000000008000f58                __aeabi_idiv0
                0x0000000008000f58                __aeabi_ldiv0
 *(.text*)
 .text.__NVIC_EnableIRQ
                0x0000000008000f5c       0x3c ./Src/BALO/RotaryPushButton.o
 .text.initRotaryPushButton
                0x0000000008000f98      0x168 ./Src/BALO/RotaryPushButton.o
                0x0000000008000f98                initRotaryPushButton
 .text.initLED  0x0000000008001100       0xa8 ./Src/BALO/RotaryPushButton.o
                0x0000000008001100                initLED
 .text.setLED   0x00000000080011a8      0x14c ./Src/BALO/RotaryPushButton.o
                0x00000000080011a8                setLED
 .text.getRotaryPushButton
                0x00000000080012f4       0x44 ./Src/BALO/RotaryPushButton.o
                0x00000000080012f4                getRotaryPushButton
 .text.getRotaryPosition
                0x0000000008001338       0x2c ./Src/BALO/RotaryPushButton.o
                0x0000000008001338                getRotaryPosition
 .text.setRotaryPosition
                0x0000000008001364       0x38 ./Src/BALO/RotaryPushButton.o
                0x0000000008001364                setRotaryPosition
 .text.modifPositionCount
                0x000000000800139c       0x4c ./Src/BALO/RotaryPushButton.o
                0x000000000800139c                modifPositionCount
 .text.EXTI0_IRQHandler
                0x00000000080013e8       0x28 ./Src/BALO/RotaryPushButton.o
                0x00000000080013e8                EXTI0_IRQHandler
 .text.EXTI15_10_IRQHandler
                0x0000000008001410       0x34 ./Src/BALO/RotaryPushButton.o
                0x0000000008001410                EXTI15_10_IRQHandler
 .text._DC1     0x0000000008001444       0x20 ./Src/BALO/ST7735.o
                0x0000000008001444                _DC1
 .text._DC0     0x0000000008001464       0x20 ./Src/BALO/ST7735.o
                0x0000000008001464                _DC0
 .text._RST1    0x0000000008001484       0x20 ./Src/BALO/ST7735.o
                0x0000000008001484                _RST1
 .text._RST0    0x00000000080014a4       0x20 ./Src/BALO/ST7735.o
                0x00000000080014a4                _RST0
 .text._CS0     0x00000000080014c4       0x20 ./Src/BALO/ST7735.o
                0x00000000080014c4                _CS0
 .text.delayms  0x00000000080014e4       0x1c ./Src/BALO/ST7735.o
                0x00000000080014e4                delayms
 .text.tftSPISenddata
                0x0000000008001500       0x30 ./Src/BALO/ST7735.o
                0x0000000008001500                tftSPISenddata
 .text.tftSendCmd
                0x0000000008001530       0x1e ./Src/BALO/ST7735.o
                0x0000000008001530                tftSendCmd
 .text.tftSendData
                0x000000000800154e       0x1e ./Src/BALO/ST7735.o
                0x000000000800154e                tftSendData
 .text.IOspiInit
                0x000000000800156c      0x128 ./Src/BALO/ST7735.o
                0x000000000800156c                IOspiInit
 .text.commandList
                0x0000000008001694       0x90 ./Src/BALO/ST7735.o
 .text.commonInit
                0x0000000008001724       0x2e ./Src/BALO/ST7735.o
 *fill*         0x0000000008001752        0x2 
 .text.tftInitR
                0x0000000008001754       0x70 ./Src/BALO/ST7735.o
                0x0000000008001754                tftInitR
 .text.tftSetAddrWindow
                0x00000000080017c4       0xa0 ./Src/BALO/ST7735.o
                0x00000000080017c4                tftSetAddrWindow
 .text.tftPushColor
                0x0000000008001864       0x2e ./Src/BALO/ST7735.o
                0x0000000008001864                tftPushColor
 *fill*         0x0000000008001892        0x2 
 .text.tftFillRect
                0x0000000008001894      0x104 ./Src/BALO/ST7735.o
                0x0000000008001894                tftFillRect
 .text.tftSetFont
                0x0000000008001998       0x44 ./Src/BALO/ST7735.o
                0x0000000008001998                tftSetFont
 .text.tftSetColor
                0x00000000080019dc       0x30 ./Src/BALO/ST7735.o
                0x00000000080019dc                tftSetColor
 .text.tftPrintChar
                0x0000000008001a0c      0x1f0 ./Src/BALO/ST7735.o
                0x0000000008001a0c                tftPrintChar
 *fill*         0x0000000008001bfc        0x4 
 .text.tftRotateChar
                0x0000000008001c00      0x278 ./Src/BALO/ST7735.o
                0x0000000008001c00                tftRotateChar
 .text.tftPrintInt
                0x0000000008001e78       0x38 ./Src/BALO/ST7735.o
                0x0000000008001e78                tftPrintInt
 .text.tftPrint
                0x0000000008001eb0      0x134 ./Src/BALO/ST7735.o
                0x0000000008001eb0                tftPrint
 .text.tftPrintColor
                0x0000000008001fe4       0x38 ./Src/BALO/ST7735.o
                0x0000000008001fe4                tftPrintColor
 .text.tftFillScreen
                0x000000000800201c       0x34 ./Src/BALO/ST7735.o
                0x000000000800201c                tftFillScreen
 .text.tftSetRotation
                0x0000000008002050       0xa0 ./Src/BALO/ST7735.o
                0x0000000008002050                tftSetRotation
 .text.tftGetWidth
                0x00000000080020f0       0x18 ./Src/BALO/ST7735.o
                0x00000000080020f0                tftGetWidth
 .text.tftGetHeight
                0x0000000008002108       0x18 ./Src/BALO/ST7735.o
                0x0000000008002108                tftGetHeight
 .text.ADCInit  0x0000000008002120       0x6a ./Src/BALO/adcBAT.o
                0x0000000008002120                ADCInit
 *fill*         0x000000000800218a        0x2 
 .text.activateADC
                0x000000000800218c       0x4c ./Src/BALO/adcBAT.o
                0x000000000800218c                activateADC
 .text.getBatVolt
                0x00000000080021d8       0xb8 ./Src/BALO/adcBAT.o
                0x00000000080021d8                getBatVolt
 .text.setI2CBus
                0x0000000008002290       0x1c ./Src/BALO/i2cAMIS.o
                0x0000000008002290                setI2CBus
 .text.getI2CBus
                0x00000000080022ac       0x18 ./Src/BALO/i2cAMIS.o
                0x00000000080022ac                getI2CBus
 .text.setI2CAddress
                0x00000000080022c4       0x1e ./Src/BALO/i2cAMIS.o
                0x00000000080022c4                setI2CAddress
 .text.getI2CAddress
                0x00000000080022e2       0x18 ./Src/BALO/i2cAMIS.o
                0x00000000080022e2                getI2CAddress
 .text.getFullStatus1
                0x00000000080022fa       0x3c ./Src/BALO/i2cAMIS.o
                0x00000000080022fa                getFullStatus1
 .text.getFullStatus2
                0x0000000008002336       0x3c ./Src/BALO/i2cAMIS.o
                0x0000000008002336                getFullStatus2
 .text.setMotorParam
                0x0000000008002372       0xde ./Src/BALO/i2cAMIS.o
                0x0000000008002372                setMotorParam
 .text.setStallParam5
                0x0000000008002450       0xa4 ./Src/BALO/i2cAMIS.o
                0x0000000008002450                setStallParam5
 .text.setStallParam
                0x00000000080024f4       0xea ./Src/BALO/i2cAMIS.o
                0x00000000080024f4                setStallParam
 .text.setIRun  0x00000000080025de       0x22 ./Src/BALO/i2cAMIS.o
                0x00000000080025de                setIRun
 .text.getIRun  0x0000000008002600       0x32 ./Src/BALO/i2cAMIS.o
                0x0000000008002600                getIRun
 .text.setIHold
                0x0000000008002632       0x22 ./Src/BALO/i2cAMIS.o
                0x0000000008002632                setIHold
 .text.getIHold
                0x0000000008002654       0x34 ./Src/BALO/i2cAMIS.o
                0x0000000008002654                getIHold
 .text.setVMin  0x0000000008002688       0x22 ./Src/BALO/i2cAMIS.o
                0x0000000008002688                setVMin
 .text.getVMin  0x00000000080026aa       0x34 ./Src/BALO/i2cAMIS.o
                0x00000000080026aa                getVMin
 .text.setVMax  0x00000000080026de       0x22 ./Src/BALO/i2cAMIS.o
                0x00000000080026de                setVMax
 .text.getVMax  0x0000000008002700       0x32 ./Src/BALO/i2cAMIS.o
                0x0000000008002700                getVMax
 .text.setStepMode
                0x0000000008002732       0x22 ./Src/BALO/i2cAMIS.o
                0x0000000008002732                setStepMode
 .text.getStepMode
                0x0000000008002754       0x32 ./Src/BALO/i2cAMIS.o
                0x0000000008002754                getStepMode
 .text.setRotDir
                0x0000000008002786       0x22 ./Src/BALO/i2cAMIS.o
                0x0000000008002786                setRotDir
 .text.getRotDir
                0x00000000080027a8       0x44 ./Src/BALO/i2cAMIS.o
                0x00000000080027a8                getRotDir
 .text.setAccel
                0x00000000080027ec       0x22 ./Src/BALO/i2cAMIS.o
                0x00000000080027ec                setAccel
 .text.getAccel
                0x000000000800280e       0x34 ./Src/BALO/i2cAMIS.o
                0x000000000800280e                getAccel
 .text.setSecPos
                0x0000000008002842       0x22 ./Src/BALO/i2cAMIS.o
                0x0000000008002842                setSecPos
 .text.getSecPos
                0x0000000008002864       0x50 ./Src/BALO/i2cAMIS.o
                0x0000000008002864                getSecPos
 .text.setAccelShape
                0x00000000080028b4       0x22 ./Src/BALO/i2cAMIS.o
                0x00000000080028b4                setAccelShape
 .text.getAccelShape
                0x00000000080028d6       0x32 ./Src/BALO/i2cAMIS.o
                0x00000000080028d6                getAccelShape
 .text.StepperGetPos
                0x0000000008002908       0x5c ./Src/BALO/i2cAMIS.o
                0x0000000008002908                StepperGetPos
 .text.StepperSetPos
                0x0000000008002964       0x5e ./Src/BALO/i2cAMIS.o
                0x0000000008002964                StepperSetPos
 .text.setPWMFrequency
                0x00000000080029c2       0x22 ./Src/BALO/i2cAMIS.o
                0x00000000080029c2                setPWMFrequency
 .text.getPWMJitter
                0x00000000080029e4       0x30 ./Src/BALO/i2cAMIS.o
                0x00000000080029e4                getPWMJitter
 .text.setPWMJitter
                0x0000000008002a14       0x22 ./Src/BALO/i2cAMIS.o
                0x0000000008002a14                setPWMJitter
 .text.getRelativeMotionThreshold
                0x0000000008002a36       0x30 ./Src/BALO/i2cAMIS.o
                0x0000000008002a36                getRelativeMotionThreshold
 .text.setRelativeMotionThreshold
                0x0000000008002a66       0xca ./Src/BALO/i2cAMIS.o
                0x0000000008002a66                setRelativeMotionThreshold
 .text.StepperResetPosition
                0x0000000008002b30       0x2e ./Src/BALO/i2cAMIS.o
                0x0000000008002b30                StepperResetPosition
 .text.StepperSoftStop
                0x0000000008002b5e       0x2e ./Src/BALO/i2cAMIS.o
                0x0000000008002b5e                StepperSoftStop
 .text.StepperSetDualPosition
                0x0000000008002b8c       0x7c ./Src/BALO/i2cAMIS.o
                0x0000000008002b8c                StepperSetDualPosition
 .text.StepperInit
                0x0000000008002c08       0xa4 ./Src/BALO/i2cAMIS.o
                0x0000000008002c08                StepperInit
 .text.setStepper
                0x0000000008002cac       0x6e ./Src/BALO/i2cAMIS.o
                0x0000000008002cac                setStepper
 .text.getStepper
                0x0000000008002d1a       0x16 ./Src/BALO/i2cAMIS.o
                0x0000000008002d1a                getStepper
 .text.filterAccData
                0x0000000008002d30       0x9a ./Src/BALO/i2cMPU.o
                0x0000000008002d30                filterAccData
 *fill*         0x0000000008002dca        0x2 
 .text.mpuInit  0x0000000008002dcc      0x360 ./Src/BALO/i2cMPU.o
                0x0000000008002dcc                mpuInit
 .text.mpuGetAccel
                0x000000000800312c       0xa4 ./Src/BALO/i2cMPU.o
                0x000000000800312c                mpuGetAccel
 .text.mpuGetPitch
                0x00000000080031d0      0x298 ./Src/BALO/i2cMPU.o
                0x00000000080031d0                mpuGetPitch
 .text.mpuGetTemp
                0x0000000008003468       0x68 ./Src/BALO/i2cMPU.o
                0x0000000008003468                mpuGetTemp
 .text.mpuTemp  0x00000000080034d0       0x54 ./Src/BALO/i2cMPU.o
                0x00000000080034d0                mpuTemp
 .text.mpuSetLpFilt
                0x0000000008003524       0x22 ./Src/BALO/i2cMPU.o
                0x0000000008003524                mpuSetLpFilt
 .text.initTOFSensorData
                0x0000000008003546       0x46 ./Src/BALO/i2cTOF.o
                0x0000000008003546                initTOFSensorData
 .text.configTOFSensor
                0x000000000800358c       0x32 ./Src/BALO/i2cTOF.o
                0x000000000800358c                configTOFSensor
 *fill*         0x00000000080035be        0x2 
 .text.TOF_configure_interrupt
                0x00000000080035c0       0xcc ./Src/BALO/i2cTOF.o
                0x00000000080035c0                TOF_configure_interrupt
 .text.TOF_init_address
                0x000000000800368c       0x60 ./Src/BALO/i2cTOF.o
                0x000000000800368c                TOF_init_address
 .text.TOF_data_init
                0x00000000080036ec      0x184 ./Src/BALO/i2cTOF.o
                0x00000000080036ec                TOF_data_init
 .text.TOF_get_spad_info_from_nvm
                0x0000000008003870      0x244 ./Src/BALO/i2cTOF.o
                0x0000000008003870                TOF_get_spad_info_from_nvm
 .text.TOF_set_spads_from_nvm
                0x0000000008003ab4      0x1d4 ./Src/BALO/i2cTOF.o
                0x0000000008003ab4                TOF_set_spads_from_nvm
 .text.TOF_load_default_tuning_settings
                0x0000000008003c88      0x9ac ./Src/BALO/i2cTOF.o
                0x0000000008003c88                TOF_load_default_tuning_settings
 .text.TOF_set_sequence_steps_enabled
                0x0000000008004634       0x58 ./Src/BALO/i2cTOF.o
                0x0000000008004634                TOF_set_sequence_steps_enabled
 .text.TOF_perform_single_ref_calibration
                0x000000000800468c      0x120 ./Src/BALO/i2cTOF.o
                0x000000000800468c                TOF_perform_single_ref_calibration
 .text.TOF_perform_ref_calibration
                0x00000000080047ac       0x74 ./Src/BALO/i2cTOF.o
                0x00000000080047ac                TOF_perform_ref_calibration
 .text.TOF_init_device
                0x0000000008004820       0xb4 ./Src/BALO/i2cTOF.o
                0x0000000008004820                TOF_init_device
 .text.TOF_start_continuous
                0x00000000080048d4      0x1c0 ./Src/BALO/i2cTOF.o
                0x00000000080048d4                TOF_start_continuous
 .text.TOF_read_distance_task
                0x0000000008004a94      0x204 ./Src/BALO/i2cTOF.o
                0x0000000008004a94                TOF_read_distance_task
 .text.TOF_set_ranging_profile
                0x0000000008004c98      0x108 ./Src/BALO/i2cTOF.o
                0x0000000008004c98                TOF_set_ranging_profile
 .text.TOF_get_sequence_step_enables
                0x0000000008004da0       0xa0 ./Src/BALO/i2cTOF.o
                0x0000000008004da0                TOF_get_sequence_step_enables
 .text.TOF_get_sequence_step_timeouts
                0x0000000008004e40      0x164 ./Src/BALO/i2cTOF.o
                0x0000000008004e40                TOF_get_sequence_step_timeouts
 .text.TOF_set_measurement_timing_budget
                0x0000000008004fa4      0x148 ./Src/BALO/i2cTOF.o
                0x0000000008004fa4                TOF_set_measurement_timing_budget
 .text.TOF_get_vcsel_pulse_period
                0x00000000080050ec       0xa8 ./Src/BALO/i2cTOF.o
                0x00000000080050ec                TOF_get_vcsel_pulse_period
 .text.encode_timeOut
                0x0000000008005194       0x58 ./Src/BALO/i2cTOF.o
                0x0000000008005194                encode_timeOut
 .text.decode_timeout
                0x00000000080051ec       0x32 ./Src/BALO/i2cTOF.o
                0x00000000080051ec                decode_timeout
 *fill*         0x000000000800521e        0x2 
 .text.timeout_mclks_to_microseconds
                0x0000000008005220       0x50 ./Src/BALO/i2cTOF.o
                0x0000000008005220                timeout_mclks_to_microseconds
 .text.timeout_microseconds_to_mclks
                0x0000000008005270       0x50 ./Src/BALO/i2cTOF.o
                0x0000000008005270                timeout_microseconds_to_mclks
 .text.PIDget   0x00000000080052c0       0x16 ./Src/BALO/regler.o
                0x00000000080052c0                PIDget
 .text.PIDclear
                0x00000000080052d6       0x24 ./Src/BALO/regler.o
                0x00000000080052d6                PIDclear
 .text.PIDset   0x00000000080052fa       0x46 ./Src/BALO/regler.o
                0x00000000080052fa                PIDset
 .text.PIDinit  0x0000000008005340       0x3e ./Src/BALO/regler.o
                0x0000000008005340                PIDinit
 .text.PIDrun   0x000000000800537e       0xaa ./Src/BALO/regler.o
                0x000000000800537e                PIDrun
 .text.adcVerifyResolution
                0x0000000008005428       0x34 ./Src/MCAL/mcalADC.o
 .text.adcSelectADC
                0x000000000800545c       0x34 ./Src/MCAL/mcalADC.o
                0x000000000800545c                adcSelectADC
 .text.adcEnableADC
                0x0000000008005490       0x22 ./Src/MCAL/mcalADC.o
                0x0000000008005490                adcEnableADC
 .text.adcDisableADC
                0x00000000080054b2       0x22 ./Src/MCAL/mcalADC.o
                0x00000000080054b2                adcDisableADC
 .text.adcGetConversionResult
                0x00000000080054d4       0x1a ./Src/MCAL/mcalADC.o
                0x00000000080054d4                adcGetConversionResult
 *fill*         0x00000000080054ee        0x2 
 .text.adcSetResolution
                0x00000000080054f0       0x94 ./Src/MCAL/mcalADC.o
                0x00000000080054f0                adcSetResolution
 .text.adcSetChannelSequence
                0x0000000008005584      0x1f8 ./Src/MCAL/mcalADC.o
                0x0000000008005584                adcSetChannelSequence
 .text.adcStartConversion
                0x000000000800577c       0x20 ./Src/MCAL/mcalADC.o
                0x000000000800577c                adcStartConversion
 .text.adcIsConversionFinished
                0x000000000800579c       0x26 ./Src/MCAL/mcalADC.o
                0x000000000800579c                adcIsConversionFinished
 .text.extiVerifyIrqNum
                0x00000000080057c2       0xa0 ./Src/MCAL/mcalEXTI.o
                0x00000000080057c2                extiVerifyIrqNum
 .text.extiVerifyTrigger
                0x0000000008005862       0x2e ./Src/MCAL/mcalEXTI.o
                0x0000000008005862                extiVerifyTrigger
 .text.extiInit
                0x0000000008005890       0x38 ./Src/MCAL/mcalEXTI.o
                0x0000000008005890                extiInit
 .text.extiConfigIrq
                0x00000000080058c8      0x168 ./Src/MCAL/mcalEXTI.o
                0x00000000080058c8                extiConfigIrq
 .text.extiEnableIrq
                0x0000000008005a30       0x44 ./Src/MCAL/mcalEXTI.o
                0x0000000008005a30                extiEnableIrq
 .text.extiSetTriggerEdge
                0x0000000008005a74       0xe0 ./Src/MCAL/mcalEXTI.o
                0x0000000008005a74                extiSetTriggerEdge
 .text.gpioVerifyPort
                0x0000000008005b54       0x64 ./Src/MCAL/mcalGPIO.o
                0x0000000008005b54                gpioVerifyPort
 .text.gpioVerifyPin
                0x0000000008005bb8       0x7c ./Src/MCAL/mcalGPIO.o
                0x0000000008005bb8                gpioVerifyPin
 .text.gpioVerifyAltFunc
                0x0000000008005c34       0x7c ./Src/MCAL/mcalGPIO.o
                0x0000000008005c34                gpioVerifyAltFunc
 .text.gpioVerifyPinMode
                0x0000000008005cb0       0x34 ./Src/MCAL/mcalGPIO.o
                0x0000000008005cb0                gpioVerifyPinMode
 .text.gpioVerifyOutputType
                0x0000000008005ce4       0x28 ./Src/MCAL/mcalGPIO.o
                0x0000000008005ce4                gpioVerifyOutputType
 .text.gpioVerifyPushPullMode
                0x0000000008005d0c       0x2e ./Src/MCAL/mcalGPIO.o
                0x0000000008005d0c                gpioVerifyPushPullMode
 *fill*         0x0000000008005d3a        0x2 
 .text.gpioInitPort
                0x0000000008005d3c       0xc4 ./Src/MCAL/mcalGPIO.o
                0x0000000008005d3c                gpioInitPort
 .text.gpioSelectPort
                0x0000000008005e00       0xc8 ./Src/MCAL/mcalGPIO.o
                0x0000000008005e00                gpioSelectPort
 .text.gpioSelectPinMode
                0x0000000008005ec8       0x96 ./Src/MCAL/mcalGPIO.o
                0x0000000008005ec8                gpioSelectPinMode
 .text.gpioSetPin
                0x0000000008005f5e       0x56 ./Src/MCAL/mcalGPIO.o
                0x0000000008005f5e                gpioSetPin
 .text.gpioResetPin
                0x0000000008005fb4       0x58 ./Src/MCAL/mcalGPIO.o
                0x0000000008005fb4                gpioResetPin
 .text.gpioSelectAltFunc
                0x000000000800600c       0xd2 ./Src/MCAL/mcalGPIO.o
                0x000000000800600c                gpioSelectAltFunc
 .text.gpioSetOutputType
                0x00000000080060de       0x92 ./Src/MCAL/mcalGPIO.o
                0x00000000080060de                gpioSetOutputType
 .text.gpioSelectPushPullMode
                0x0000000008006170       0xba ./Src/MCAL/mcalGPIO.o
                0x0000000008006170                gpioSelectPushPullMode
 .text.gpioGetPinState
                0x000000000800622a       0x38 ./Src/MCAL/mcalGPIO.o
                0x000000000800622a                gpioGetPinState
 .text.__i2c_start
                0x0000000008006262       0x30 ./Src/MCAL/mcalI2C.o
 .text.__i2c_stop
                0x0000000008006292       0x30 ./Src/MCAL/mcalI2C.o
 .text.__i2c_dummy_read_SR1_SR2
                0x00000000080062c2       0x3c ./Src/MCAL/mcalI2C.o
 .text.__i2c_Chk_TX_empty
                0x00000000080062fe       0x36 ./Src/MCAL/mcalI2C.o
 .text.i2cVerifyDutyCycle
                0x0000000008006334       0x28 ./Src/MCAL/mcalI2C.o
 .text.i2cSelectI2C
                0x000000000800635c       0x68 ./Src/MCAL/mcalI2C.o
                0x000000000800635c                i2cSelectI2C
 .text.i2cSetClkSpd
                0x00000000080063c4      0x108 ./Src/MCAL/mcalI2C.o
                0x00000000080063c4                i2cSetClkSpd
 .text.i2cInitI2C
                0x00000000080064cc       0x9c ./Src/MCAL/mcalI2C.o
                0x00000000080064cc                i2cInitI2C
 .text.i2cSendByteToSlaveReg
                0x0000000008006568       0x9c ./Src/MCAL/mcalI2C.o
                0x0000000008006568                i2cSendByteToSlaveReg
 .text.i2cBurstWrite
                0x0000000008006604       0xba ./Src/MCAL/mcalI2C.o
                0x0000000008006604                i2cBurstWrite
 .text.i2cReadByteFromSlaveReg
                0x00000000080066be       0xd8 ./Src/MCAL/mcalI2C.o
                0x00000000080066be                i2cReadByteFromSlaveReg
 .text.i2cBurstRegRead
                0x0000000008006796      0x130 ./Src/MCAL/mcalI2C.o
                0x0000000008006796                i2cBurstRegRead
 .text.i2cBurstRead
                0x00000000080068c6       0xd2 ./Src/MCAL/mcalI2C.o
                0x00000000080068c6                i2cBurstRead
 .text.i2cEnableDevice
                0x0000000008006998       0x22 ./Src/MCAL/mcalI2C.o
                0x0000000008006998                i2cEnableDevice
 .text.i2cFindSlaveAddr
                0x00000000080069ba       0x5c ./Src/MCAL/mcalI2C.o
                0x00000000080069ba                i2cFindSlaveAddr
 *fill*         0x0000000008006a16        0x2 
 .text.rccGetSysClock
                0x0000000008006a18      0x20c ./Src/MCAL/mcalRCC.o
                0x0000000008006a18                rccGetSysClock
 .text.rccGetHclkFreq
                0x0000000008006c24       0x50 ./Src/MCAL/mcalRCC.o
                0x0000000008006c24                rccGetHclkFreq
 .text.rccGetPclk1Freq
                0x0000000008006c74       0x44 ./Src/MCAL/mcalRCC.o
                0x0000000008006c74                rccGetPclk1Freq
 .text.__spi_Chk_TX_empty
                0x0000000008006cb8       0x36 ./Src/MCAL/mcalSPI.o
 .text.__spi_Chk_notBSY
                0x0000000008006cee       0x24 ./Src/MCAL/mcalSPI.o
 *fill*         0x0000000008006d12        0x2 
 .text.spiVerifySPI
                0x0000000008006d14       0x4c ./Src/MCAL/mcalSPI.o
 .text.spiVerifyClkDivider
                0x0000000008006d60       0x4c ./Src/MCAL/mcalSPI.o
 .text.spiVerifySSM
                0x0000000008006dac       0x28 ./Src/MCAL/mcalSPI.o
 .text.spiVerifyOpMode
                0x0000000008006dd4       0x28 ./Src/MCAL/mcalSPI.o
 .text.spiVerifyPhase
                0x0000000008006dfc       0x28 ./Src/MCAL/mcalSPI.o
 .text.spiVerifyIdlePolarity
                0x0000000008006e24       0x28 ./Src/MCAL/mcalSPI.o
 .text.spiInitSPI
                0x0000000008006e4c      0x1dc ./Src/MCAL/mcalSPI.o
                0x0000000008006e4c                spiInitSPI
 .text.spiSelectSPI
                0x0000000008007028       0x80 ./Src/MCAL/mcalSPI.o
                0x0000000008007028                spiSelectSPI
 .text.spiEnableSPI
                0x00000000080070a8       0x36 ./Src/MCAL/mcalSPI.o
                0x00000000080070a8                spiEnableSPI
 .text.spiWriteByte
                0x00000000080070de       0x66 ./Src/MCAL/mcalSPI.o
                0x00000000080070de                spiWriteByte
 .text.__NVIC_SetPriority
                0x0000000008007144       0x54 ./Src/MCAL/mcalSysTick.o
 .text.SysTick_Config
                0x0000000008007198       0x44 ./Src/MCAL/mcalSysTick.o
 .text.systickSetMillis
                0x00000000080071dc       0x1c ./Src/MCAL/mcalSysTick.o
                0x00000000080071dc                systickSetMillis
 .text.systickInit
                0x00000000080071f8       0x28 ./Src/MCAL/mcalSysTick.o
                0x00000000080071f8                systickInit
 .text.systickSetTicktime
                0x0000000008007220       0x1c ./Src/MCAL/mcalSysTick.o
                0x0000000008007220                systickSetTicktime
 .text.isSystickExpired
                0x000000000800723c       0x24 ./Src/MCAL/mcalSysTick.o
                0x000000000800723c                isSystickExpired
 .text.SysTick_Handler
                0x0000000008007260       0x18 ./Src/MCAL/mcalSysTick.o
                0x0000000008007260                SysTick_Handler
 .text.systickUpdateTimer
                0x0000000008007278       0x30 ./Src/MCAL/mcalSysTick.o
                0x0000000008007278                systickUpdateTimer
 .text.systickUpdateTimerList
                0x00000000080072a8       0x54 ./Src/MCAL/mcalSysTick.o
                0x00000000080072a8                systickUpdateTimerList
 .text.systickDelay
                0x00000000080072fc       0x48 ./Src/MCAL/mcalSysTick.o
                0x00000000080072fc                systickDelay
 .text._getpid  0x0000000008007344       0x10 ./Src/MCAL/syscalls.o
                0x0000000008007344                _getpid
 .text._kill    0x0000000008007354       0x20 ./Src/MCAL/syscalls.o
                0x0000000008007354                _kill
 .text._exit    0x0000000008007374       0x14 ./Src/MCAL/syscalls.o
                0x0000000008007374                _exit
 .text._read    0x0000000008007388       0x3a ./Src/MCAL/syscalls.o
                0x0000000008007388                _read
 .text._write   0x00000000080073c2       0x38 ./Src/MCAL/syscalls.o
                0x00000000080073c2                _write
 .text._close   0x00000000080073fa       0x18 ./Src/MCAL/syscalls.o
                0x00000000080073fa                _close
 .text._fstat   0x0000000008007412       0x20 ./Src/MCAL/syscalls.o
                0x0000000008007412                _fstat
 .text._isatty  0x0000000008007432       0x16 ./Src/MCAL/syscalls.o
                0x0000000008007432                _isatty
 .text._lseek   0x0000000008007448       0x1a ./Src/MCAL/syscalls.o
                0x0000000008007448                _lseek
 *fill*         0x0000000008007462        0x2 
 .text._sbrk    0x0000000008007464       0x6c ./Src/MCAL/sysmem.o
                0x0000000008007464                _sbrk
 .text.StepperIHold
                0x00000000080074d0       0x84 ./Src/main.o
                0x00000000080074d0                StepperIHold
 .text.SetRegParameter
                0x0000000008007554      0x128 ./Src/main.o
                0x0000000008007554                SetRegParameter
 .text.ParamEdit
                0x000000000800767c      0x198 ./Src/main.o
                0x000000000800767c                ParamEdit
 .text.CheckAndActivate
                0x0000000008007814      0x138 ./Src/main.o
                0x0000000008007814                CheckAndActivate
 .text.CheckAndInitI2cSlaves
                0x000000000800794c      0x448 ./Src/main.o
                0x000000000800794c                CheckAndInitI2cSlaves
 *fill*         0x0000000008007d94        0x4 
 .text.main     0x0000000008007d98      0x9d8 ./Src/main.o
                0x0000000008007d98                main
 .text.dispMPUBat
                0x0000000008008770       0xa0 ./Src/main.o
                0x0000000008008770                dispMPUBat
 .text.visualisationTOF
                0x0000000008008810       0xbc ./Src/main.o
                0x0000000008008810                visualisationTOF
 .text.DispAlphaNumMPU
                0x00000000080088cc       0x8c ./Src/main.o
                0x00000000080088cc                DispAlphaNumMPU
 .text.StepperFollowsPitch
                0x0000000008008958      0x1bc ./Src/main.o
                0x0000000008008958                StepperFollowsPitch
 .text.SystemInit
                0x0000000008008b14       0x24 ./Src/system_stm32f4xx.o
                0x0000000008008b14                SystemInit
 .text.SystemCoreClockUpdate
                0x0000000008008b38      0x100 ./Src/system_stm32f4xx.o
                0x0000000008008b38                SystemCoreClockUpdate
 .text.Reset_Handler
                0x0000000008008c38       0x50 ./Startup/startup_stm32f401ccux.o
                0x0000000008008c38                Reset_Handler
 .text.Default_Handler
                0x0000000008008c88        0x2 ./Startup/startup_stm32f401ccux.o
                0x0000000008008c88                EXTI2_IRQHandler
                0x0000000008008c88                DebugMon_Handler
                0x0000000008008c88                SPI4_IRQHandler
                0x0000000008008c88                TIM1_CC_IRQHandler
                0x0000000008008c88                DMA2_Stream5_IRQHandler
                0x0000000008008c88                HardFault_Handler
                0x0000000008008c88                DMA1_Stream5_IRQHandler
                0x0000000008008c88                SDIO_IRQHandler
                0x0000000008008c88                TAMP_STAMP_IRQHandler
                0x0000000008008c88                PendSV_Handler
                0x0000000008008c88                NMI_Handler
                0x0000000008008c88                EXTI3_IRQHandler
                0x0000000008008c88                TIM1_UP_TIM10_IRQHandler
                0x0000000008008c88                I2C3_ER_IRQHandler
                0x0000000008008c88                EXTI18_OTG_FS_WKUP_IRQHandler
                0x0000000008008c88                I2C2_EV_IRQHandler
                0x0000000008008c88                DMA1_Stream2_IRQHandler
                0x0000000008008c88                UsageFault_Handler
                0x0000000008008c88                DMA2_Stream2_IRQHandler
                0x0000000008008c88                SPI1_IRQHandler
                0x0000000008008c88                TIM1_BRK_TIM9_IRQHandler
                0x0000000008008c88                DMA2_Stream3_IRQHandler
                0x0000000008008c88                USART6_IRQHandler
                0x0000000008008c88                DMA2_Stream0_IRQHandler
                0x0000000008008c88                TIM4_IRQHandler
                0x0000000008008c88                I2C1_EV_IRQHandler
                0x0000000008008c88                DMA1_Stream6_IRQHandler
                0x0000000008008c88                DMA1_Stream1_IRQHandler
                0x0000000008008c88                TIM3_IRQHandler
                0x0000000008008c88                RCC_IRQHandler
                0x0000000008008c88                Default_Handler
                0x0000000008008c88                ADC_IRQHandler
                0x0000000008008c88                DMA1_Stream7_IRQHandler
                0x0000000008008c88                TIM5_IRQHandler
                0x0000000008008c88                DMA2_Stream7_IRQHandler
                0x0000000008008c88                I2C3_EV_IRQHandler
                0x0000000008008c88                EXTI9_5_IRQHandler
                0x0000000008008c88                SPI2_IRQHandler
                0x0000000008008c88                MemManage_Handler
                0x0000000008008c88                DMA1_Stream0_IRQHandler
                0x0000000008008c88                SVC_Handler
                0x0000000008008c88                EXTI4_IRQHandler
                0x0000000008008c88                EXTI22_RTC_WKUP_IRQHandler
                0x0000000008008c88                TIM2_IRQHandler
                0x0000000008008c88                EXTI16_PVD_IRQHandler
                0x0000000008008c88                TIM1_TRG_COM_TIM11_IRQHandler
                0x0000000008008c88                EXTI1_IRQHandler
                0x0000000008008c88                EXTI17_RTC_Alarm_IRQHandler
                0x0000000008008c88                USART2_IRQHandler
                0x0000000008008c88                I2C2_ER_IRQHandler
                0x0000000008008c88                DMA2_Stream1_IRQHandler
                0x0000000008008c88                FLASH_IRQHandler
                0x0000000008008c88                DMA2_Stream4_IRQHandler
                0x0000000008008c88                BusFault_Handler
                0x0000000008008c88                USART1_IRQHandler
                0x0000000008008c88                OTG_FS_IRQHandler
                0x0000000008008c88                SPI3_IRQHandler
                0x0000000008008c88                DMA1_Stream4_IRQHandler
                0x0000000008008c88                I2C1_ER_IRQHandler
                0x0000000008008c88                DMA2_Stream6_IRQHandler
                0x0000000008008c88                DMA1_Stream3_IRQHandler
 *fill*         0x0000000008008c8a        0x2 
 .text.__errno  0x0000000008008c8c        0xc c:/st/stm32cubeide_1.12.0/stm32cubeide/plugins/com.st.stm32cube.ide.mcu.externaltools.gnu-tools-for-stm32.10.3-2021.10.win32_1.0.200.202301161003/tools/bin/../lib/gcc/arm-none-eabi/10.3.1/../../../../arm-none-eabi/lib/thumb/v7e-m+fp/hard\libc_nano.a(lib_a-errno.o)
                0x0000000008008c8c                __errno
 .text.__libc_init_array
                0x0000000008008c98       0x48 c:/st/stm32cubeide_1.12.0/stm32cubeide/plugins/com.st.stm32cube.ide.mcu.externaltools.gnu-tools-for-stm32.10.3-2021.10.win32_1.0.200.202301161003/tools/bin/../lib/gcc/arm-none-eabi/10.3.1/../../../../arm-none-eabi/lib/thumb/v7e-m+fp/hard\libc_nano.a(lib_a-init.o)
                0x0000000008008c98                __libc_init_array
 .text.memset   0x0000000008008ce0       0x10 c:/st/stm32cubeide_1.12.0/stm32cubeide/plugins/com.st.stm32cube.ide.mcu.externaltools.gnu-tools-for-stm32.10.3-2021.10.win32_1.0.200.202301161003/tools/bin/../lib/gcc/arm-none-eabi/10.3.1/../../../../arm-none-eabi/lib/thumb/v7e-m+fp/hard\libc_nano.a(lib_a-memset.o)
                0x0000000008008ce0                memset
 .text.__cvt    0x0000000008008cf0       0xc4 c:/st/stm32cubeide_1.12.0/stm32cubeide/plugins/com.st.stm32cube.ide.mcu.externaltools.gnu-tools-for-stm32.10.3-2021.10.win32_1.0.200.202301161003/tools/bin/../lib/gcc/arm-none-eabi/10.3.1/../../../../arm-none-eabi/lib/thumb/v7e-m+fp/hard\libc_nano.a(lib_a-nano-vfprintf_float.o)
                0x0000000008008cf0                __cvt
 .text.__exponent
                0x0000000008008db4       0x7c c:/st/stm32cubeide_1.12.0/stm32cubeide/plugins/com.st.stm32cube.ide.mcu.externaltools.gnu-tools-for-stm32.10.3-2021.10.win32_1.0.200.202301161003/tools/bin/../lib/gcc/arm-none-eabi/10.3.1/../../../../arm-none-eabi/lib/thumb/v7e-m+fp/hard\libc_nano.a(lib_a-nano-vfprintf_float.o)
                0x0000000008008db4                __exponent
 .text._printf_float
                0x0000000008008e30      0x46c c:/st/stm32cubeide_1.12.0/stm32cubeide/plugins/com.st.stm32cube.ide.mcu.externaltools.gnu-tools-for-stm32.10.3-2021.10.win32_1.0.200.202301161003/tools/bin/../lib/gcc/arm-none-eabi/10.3.1/../../../../arm-none-eabi/lib/thumb/v7e-m+fp/hard\libc_nano.a(lib_a-nano-vfprintf_float.o)
                0x0000000008008e30                _printf_float
 .text._printf_common
                0x000000000800929c       0xda c:/st/stm32cubeide_1.12.0/stm32cubeide/plugins/com.st.stm32cube.ide.mcu.externaltools.gnu-tools-for-stm32.10.3-2021.10.win32_1.0.200.202301161003/tools/bin/../lib/gcc/arm-none-eabi/10.3.1/../../../../arm-none-eabi/lib/thumb/v7e-m+fp/hard\libc_nano.a(lib_a-nano-vfprintf_i.o)
                0x000000000800929c                _printf_common
 *fill*         0x0000000008009376        0x2 
 .text._printf_i
                0x0000000008009378      0x24c c:/st/stm32cubeide_1.12.0/stm32cubeide/plugins/com.st.stm32cube.ide.mcu.externaltools.gnu-tools-for-stm32.10.3-2021.10.win32_1.0.200.202301161003/tools/bin/../lib/gcc/arm-none-eabi/10.3.1/../../../../arm-none-eabi/lib/thumb/v7e-m+fp/hard\libc_nano.a(lib_a-nano-vfprintf_i.o)
                0x0000000008009378                _printf_i
 .text.sprintf  0x00000000080095c4       0x40 c:/st/stm32cubeide_1.12.0/stm32cubeide/plugins/com.st.stm32cube.ide.mcu.externaltools.gnu-tools-for-stm32.10.3-2021.10.win32_1.0.200.202301161003/tools/bin/../lib/gcc/arm-none-eabi/10.3.1/../../../../arm-none-eabi/lib/thumb/v7e-m+fp/hard\libc_nano.a(lib_a-sprintf.o)
                0x00000000080095c4                siprintf
                0x00000000080095c4                sprintf
 .text.quorem   0x0000000008009604      0x116 c:/st/stm32cubeide_1.12.0/stm32cubeide/plugins/com.st.stm32cube.ide.mcu.externaltools.gnu-tools-for-stm32.10.3-2021.10.win32_1.0.200.202301161003/tools/bin/../lib/gcc/arm-none-eabi/10.3.1/../../../../arm-none-eabi/lib/thumb/v7e-m+fp/hard\libc_nano.a(lib_a-dtoa.o)
 *fill*         0x000000000800971a        0x6 
 .text._dtoa_r  0x0000000008009720      0xbdc c:/st/stm32cubeide_1.12.0/stm32cubeide/plugins/com.st.stm32cube.ide.mcu.externaltools.gnu-tools-for-stm32.10.3-2021.10.win32_1.0.200.202301161003/tools/bin/../lib/gcc/arm-none-eabi/10.3.1/../../../../arm-none-eabi/lib/thumb/v7e-m+fp/hard\libc_nano.a(lib_a-dtoa.o)
                0x0000000008009720                _dtoa_r
 .text._localeconv_r
                0x000000000800a2fc        0x8 c:/st/stm32cubeide_1.12.0/stm32cubeide/plugins/com.st.stm32cube.ide.mcu.externaltools.gnu-tools-for-stm32.10.3-2021.10.win32_1.0.200.202301161003/tools/bin/../lib/gcc/arm-none-eabi/10.3.1/../../../../arm-none-eabi/lib/thumb/v7e-m+fp/hard\libc_nano.a(lib_a-localeconv.o)
                0x000000000800a2fc                _localeconv_r
 .text.malloc   0x000000000800a304       0x10 c:/st/stm32cubeide_1.12.0/stm32cubeide/plugins/com.st.stm32cube.ide.mcu.externaltools.gnu-tools-for-stm32.10.3-2021.10.win32_1.0.200.202301161003/tools/bin/../lib/gcc/arm-none-eabi/10.3.1/../../../../arm-none-eabi/lib/thumb/v7e-m+fp/hard\libc_nano.a(lib_a-malloc.o)
                0x000000000800a304                malloc
 .text.memcpy   0x000000000800a314       0x1c c:/st/stm32cubeide_1.12.0/stm32cubeide/plugins/com.st.stm32cube.ide.mcu.externaltools.gnu-tools-for-stm32.10.3-2021.10.win32_1.0.200.202301161003/tools/bin/../lib/gcc/arm-none-eabi/10.3.1/../../../../arm-none-eabi/lib/thumb/v7e-m+fp/hard\libc_nano.a(lib_a-memcpy-stub.o)
                0x000000000800a314                memcpy
 .text._Balloc  0x000000000800a330       0x80 c:/st/stm32cubeide_1.12.0/stm32cubeide/plugins/com.st.stm32cube.ide.mcu.externaltools.gnu-tools-for-stm32.10.3-2021.10.win32_1.0.200.202301161003/tools/bin/../lib/gcc/arm-none-eabi/10.3.1/../../../../arm-none-eabi/lib/thumb/v7e-m+fp/hard\libc_nano.a(lib_a-mprec.o)
                0x000000000800a330                _Balloc
 .text._Bfree   0x000000000800a3b0       0x44 c:/st/stm32cubeide_1.12.0/stm32cubeide/plugins/com.st.stm32cube.ide.mcu.externaltools.gnu-tools-for-stm32.10.3-2021.10.win32_1.0.200.202301161003/tools/bin/../lib/gcc/arm-none-eabi/10.3.1/../../../../arm-none-eabi/lib/thumb/v7e-m+fp/hard\libc_nano.a(lib_a-mprec.o)
                0x000000000800a3b0                _Bfree
 .text.__multadd
                0x000000000800a3f4       0x8c c:/st/stm32cubeide_1.12.0/stm32cubeide/plugins/com.st.stm32cube.ide.mcu.externaltools.gnu-tools-for-stm32.10.3-2021.10.win32_1.0.200.202301161003/tools/bin/../lib/gcc/arm-none-eabi/10.3.1/../../../../arm-none-eabi/lib/thumb/v7e-m+fp/hard\libc_nano.a(lib_a-mprec.o)
                0x000000000800a3f4                __multadd
 .text.__hi0bits
                0x000000000800a480       0x40 c:/st/stm32cubeide_1.12.0/stm32cubeide/plugins/com.st.stm32cube.ide.mcu.externaltools.gnu-tools-for-stm32.10.3-2021.10.win32_1.0.200.202301161003/tools/bin/../lib/gcc/arm-none-eabi/10.3.1/../../../../arm-none-eabi/lib/thumb/v7e-m+fp/hard\libc_nano.a(lib_a-mprec.o)
                0x000000000800a480                __hi0bits
 .text.__lo0bits
                0x000000000800a4c0       0x5e c:/st/stm32cubeide_1.12.0/stm32cubeide/plugins/com.st.stm32cube.ide.mcu.externaltools.gnu-tools-for-stm32.10.3-2021.10.win32_1.0.200.202301161003/tools/bin/../lib/gcc/arm-none-eabi/10.3.1/../../../../arm-none-eabi/lib/thumb/v7e-m+fp/hard\libc_nano.a(lib_a-mprec.o)
                0x000000000800a4c0                __lo0bits
 *fill*         0x000000000800a51e        0x2 
 .text.__i2b    0x000000000800a520       0x2c c:/st/stm32cubeide_1.12.0/stm32cubeide/plugins/com.st.stm32cube.ide.mcu.externaltools.gnu-tools-for-stm32.10.3-2021.10.win32_1.0.200.202301161003/tools/bin/../lib/gcc/arm-none-eabi/10.3.1/../../../../arm-none-eabi/lib/thumb/v7e-m+fp/hard\libc_nano.a(lib_a-mprec.o)
                0x000000000800a520                __i2b
 .text.__multiply
                0x000000000800a54c      0x154 c:/st/stm32cubeide_1.12.0/stm32cubeide/plugins/com.st.stm32cube.ide.mcu.externaltools.gnu-tools-for-stm32.10.3-2021.10.win32_1.0.200.202301161003/tools/bin/../lib/gcc/arm-none-eabi/10.3.1/../../../../arm-none-eabi/lib/thumb/v7e-m+fp/hard\libc_nano.a(lib_a-mprec.o)
                0x000000000800a54c                __multiply
 .text.__pow5mult
                0x000000000800a6a0       0xb4 c:/st/stm32cubeide_1.12.0/stm32cubeide/plugins/com.st.stm32cube.ide.mcu.externaltools.gnu-tools-for-stm32.10.3-2021.10.win32_1.0.200.202301161003/tools/bin/../lib/gcc/arm-none-eabi/10.3.1/../../../../arm-none-eabi/lib/thumb/v7e-m+fp/hard\libc_nano.a(lib_a-mprec.o)
                0x000000000800a6a0                __pow5mult
 .text.__lshift
                0x000000000800a754       0xe0 c:/st/stm32cubeide_1.12.0/stm32cubeide/plugins/com.st.stm32cube.ide.mcu.externaltools.gnu-tools-for-stm32.10.3-2021.10.win32_1.0.200.202301161003/tools/bin/../lib/gcc/arm-none-eabi/10.3.1/../../../../arm-none-eabi/lib/thumb/v7e-m+fp/hard\libc_nano.a(lib_a-mprec.o)
                0x000000000800a754                __lshift
 .text.__mcmp   0x000000000800a834       0x38 c:/st/stm32cubeide_1.12.0/stm32cubeide/plugins/com.st.stm32cube.ide.mcu.externaltools.gnu-tools-for-stm32.10.3-2021.10.win32_1.0.200.202301161003/tools/bin/../lib/gcc/arm-none-eabi/10.3.1/../../../../arm-none-eabi/lib/thumb/v7e-m+fp/hard\libc_nano.a(lib_a-mprec.o)
                0x000000000800a834                __mcmp
 .text.__mdiff  0x000000000800a86c      0x114 c:/st/stm32cubeide_1.12.0/stm32cubeide/plugins/com.st.stm32cube.ide.mcu.externaltools.gnu-tools-for-stm32.10.3-2021.10.win32_1.0.200.202301161003/tools/bin/../lib/gcc/arm-none-eabi/10.3.1/../../../../arm-none-eabi/lib/thumb/v7e-m+fp/hard\libc_nano.a(lib_a-mprec.o)
                0x000000000800a86c                __mdiff
 .text.__d2b    0x000000000800a980       0xb8 c:/st/stm32cubeide_1.12.0/stm32cubeide/plugins/com.st.stm32cube.ide.mcu.externaltools.gnu-tools-for-stm32.10.3-2021.10.win32_1.0.200.202301161003/tools/bin/../lib/gcc/arm-none-eabi/10.3.1/../../../../arm-none-eabi/lib/thumb/v7e-m+fp/hard\libc_nano.a(lib_a-mprec.o)
                0x000000000800a980                __d2b
 .text._calloc_r
                0x000000000800aa38       0x2c c:/st/stm32cubeide_1.12.0/stm32cubeide/plugins/com.st.stm32cube.ide.mcu.externaltools.gnu-tools-for-stm32.10.3-2021.10.win32_1.0.200.202301161003/tools/bin/../lib/gcc/arm-none-eabi/10.3.1/../../../../arm-none-eabi/lib/thumb/v7e-m+fp/hard\libc_nano.a(lib_a-nano-callocr.o)
                0x000000000800aa38                _calloc_r
 .text._free_r  0x000000000800aa64       0x98 c:/st/stm32cubeide_1.12.0/stm32cubeide/plugins/com.st.stm32cube.ide.mcu.externaltools.gnu-tools-for-stm32.10.3-2021.10.win32_1.0.200.202301161003/tools/bin/../lib/gcc/arm-none-eabi/10.3.1/../../../../arm-none-eabi/lib/thumb/v7e-m+fp/hard\libc_nano.a(lib_a-nano-freer.o)
                0x000000000800aa64                _free_r
 .text.sbrk_aligned
                0x000000000800aafc       0x40 c:/st/stm32cubeide_1.12.0/stm32cubeide/plugins/com.st.stm32cube.ide.mcu.externaltools.gnu-tools-for-stm32.10.3-2021.10.win32_1.0.200.202301161003/tools/bin/../lib/gcc/arm-none-eabi/10.3.1/../../../../arm-none-eabi/lib/thumb/v7e-m+fp/hard\libc_nano.a(lib_a-nano-mallocr.o)
 .text._malloc_r
                0x000000000800ab3c       0xe8 c:/st/stm32cubeide_1.12.0/stm32cubeide/plugins/com.st.stm32cube.ide.mcu.externaltools.gnu-tools-for-stm32.10.3-2021.10.win32_1.0.200.202301161003/tools/bin/../lib/gcc/arm-none-eabi/10.3.1/../../../../arm-none-eabi/lib/thumb/v7e-m+fp/hard\libc_nano.a(lib_a-nano-mallocr.o)
                0x000000000800ab3c                _malloc_r
 .text.__ssputs_r
                0x000000000800ac24       0xb6 c:/st/stm32cubeide_1.12.0/stm32cubeide/plugins/com.st.stm32cube.ide.mcu.externaltools.gnu-tools-for-stm32.10.3-2021.10.win32_1.0.200.202301161003/tools/bin/../lib/gcc/arm-none-eabi/10.3.1/../../../../arm-none-eabi/lib/thumb/v7e-m+fp/hard\libc_nano.a(lib_a-nano-svfprintf.o)
                0x000000000800ac24                __ssputs_r
 *fill*         0x000000000800acda        0x2 
 .text._svfprintf_r
                0x000000000800acdc      0x200 c:/st/stm32cubeide_1.12.0/stm32cubeide/plugins/com.st.stm32cube.ide.mcu.externaltools.gnu-tools-for-stm32.10.3-2021.10.win32_1.0.200.202301161003/tools/bin/../lib/gcc/arm-none-eabi/10.3.1/../../../../arm-none-eabi/lib/thumb/v7e-m+fp/hard\libc_nano.a(lib_a-nano-svfprintf.o)
                0x000000000800acdc                _svfiprintf_r
                0x000000000800acdc                _svfprintf_r
 .text._sbrk_r  0x000000000800aedc       0x20 c:/st/stm32cubeide_1.12.0/stm32cubeide/plugins/com.st.stm32cube.ide.mcu.externaltools.gnu-tools-for-stm32.10.3-2021.10.win32_1.0.200.202301161003/tools/bin/../lib/gcc/arm-none-eabi/10.3.1/../../../../arm-none-eabi/lib/thumb/v7e-m+fp/hard\libc_nano.a(lib_a-sbrkr.o)
                0x000000000800aedc                _sbrk_r
 .text.__assert_func
                0x000000000800aefc       0x3c c:/st/stm32cubeide_1.12.0/stm32cubeide/plugins/com.st.stm32cube.ide.mcu.externaltools.gnu-tools-for-stm32.10.3-2021.10.win32_1.0.200.202301161003/tools/bin/../lib/gcc/arm-none-eabi/10.3.1/../../../../arm-none-eabi/lib/thumb/v7e-m+fp/hard\libc_nano.a(lib_a-assert.o)
                0x000000000800aefc                __assert_func
 .text.fprintf  0x000000000800af38       0x24 c:/st/stm32cubeide_1.12.0/stm32cubeide/plugins/com.st.stm32cube.ide.mcu.externaltools.gnu-tools-for-stm32.10.3-2021.10.win32_1.0.200.202301161003/tools/bin/../lib/gcc/arm-none-eabi/10.3.1/../../../../arm-none-eabi/lib/thumb/v7e-m+fp/hard\libc_nano.a(lib_a-fprintf.o)
                0x000000000800af38                fiprintf
                0x000000000800af38                fprintf
 .text.__ascii_mbtowc
                0x000000000800af5c       0x24 c:/st/stm32cubeide_1.12.0/stm32cubeide/plugins/com.st.stm32cube.ide.mcu.externaltools.gnu-tools-for-stm32.10.3-2021.10.win32_1.0.200.202301161003/tools/bin/../lib/gcc/arm-none-eabi/10.3.1/../../../../arm-none-eabi/lib/thumb/v7e-m+fp/hard\libc_nano.a(lib_a-mbtowc_r.o)
                0x000000000800af5c                __ascii_mbtowc
 .text.memmove  0x000000000800af80       0x34 c:/st/stm32cubeide_1.12.0/stm32cubeide/plugins/com.st.stm32cube.ide.mcu.externaltools.gnu-tools-for-stm32.10.3-2021.10.win32_1.0.200.202301161003/tools/bin/../lib/gcc/arm-none-eabi/10.3.1/../../../../arm-none-eabi/lib/thumb/v7e-m+fp/hard\libc_nano.a(lib_a-memmove.o)
                0x000000000800af80                memmove
 .text.__malloc_lock
                0x000000000800afb4        0xc c:/st/stm32cubeide_1.12.0/stm32cubeide/plugins/com.st.stm32cube.ide.mcu.externaltools.gnu-tools-for-stm32.10.3-2021.10.win32_1.0.200.202301161003/tools/bin/../lib/gcc/arm-none-eabi/10.3.1/../../../../arm-none-eabi/lib/thumb/v7e-m+fp/hard\libc_nano.a(lib_a-mlock.o)
                0x000000000800afb4                __malloc_lock
 .text.__malloc_unlock
                0x000000000800afc0        0xc c:/st/stm32cubeide_1.12.0/stm32cubeide/plugins/com.st.stm32cube.ide.mcu.externaltools.gnu-tools-for-stm32.10.3-2021.10.win32_1.0.200.202301161003/tools/bin/../lib/gcc/arm-none-eabi/10.3.1/../../../../arm-none-eabi/lib/thumb/v7e-m+fp/hard\libc_nano.a(lib_a-mlock.o)
                0x000000000800afc0                __malloc_unlock
 .text._realloc_r
                0x000000000800afcc       0x5e c:/st/stm32cubeide_1.12.0/stm32cubeide/plugins/com.st.stm32cube.ide.mcu.externaltools.gnu-tools-for-stm32.10.3-2021.10.win32_1.0.200.202301161003/tools/bin/../lib/gcc/arm-none-eabi/10.3.1/../../../../arm-none-eabi/lib/thumb/v7e-m+fp/hard\libc_nano.a(lib_a-nano-reallocr.o)
                0x000000000800afcc                _realloc_r
 .text.__sfputc_r
                0x000000000800b02a       0x2e c:/st/stm32cubeide_1.12.0/stm32cubeide/plugins/com.st.stm32cube.ide.mcu.externaltools.gnu-tools-for-stm32.10.3-2021.10.win32_1.0.200.202301161003/tools/bin/../lib/gcc/arm-none-eabi/10.3.1/../../../../arm-none-eabi/lib/thumb/v7e-m+fp/hard\libc_nano.a(lib_a-nano-vfprintf.o)
 .text.__sfputs_r
                0x000000000800b058       0x24 c:/st/stm32cubeide_1.12.0/stm32cubeide/plugins/com.st.stm32cube.ide.mcu.externaltools.gnu-tools-for-stm32.10.3-2021.10.win32_1.0.200.202301161003/tools/bin/../lib/gcc/arm-none-eabi/10.3.1/../../../../arm-none-eabi/lib/thumb/v7e-m+fp/hard\libc_nano.a(lib_a-nano-vfprintf.o)
                0x000000000800b058                __sfputs_r
 .text._vfprintf_r
                0x000000000800b07c      0x260 c:/st/stm32cubeide_1.12.0/stm32cubeide/plugins/com.st.stm32cube.ide.mcu.externaltools.gnu-tools-for-stm32.10.3-2021.10.win32_1.0.200.202301161003/tools/bin/../lib/gcc/arm-none-eabi/10.3.1/../../../../arm-none-eabi/lib/thumb/v7e-m+fp/hard\libc_nano.a(lib_a-nano-vfprintf.o)
                0x000000000800b07c                _vfprintf_r
                0x000000000800b07c                _vfiprintf_r
 .text.__swbuf_r
                0x000000000800b2dc       0xa4 c:/st/stm32cubeide_1.12.0/stm32cubeide/plugins/com.st.stm32cube.ide.mcu.externaltools.gnu-tools-for-stm32.10.3-2021.10.win32_1.0.200.202301161003/tools/bin/../lib/gcc/arm-none-eabi/10.3.1/../../../../arm-none-eabi/lib/thumb/v7e-m+fp/hard\libc_nano.a(lib_a-wbuf.o)
                0x000000000800b2dc                __swbuf_r
 .text.__ascii_wctomb
                0x000000000800b380       0x1a c:/st/stm32cubeide_1.12.0/stm32cubeide/plugins/com.st.stm32cube.ide.mcu.externaltools.gnu-tools-for-stm32.10.3-2021.10.win32_1.0.200.202301161003/tools/bin/../lib/gcc/arm-none-eabi/10.3.1/../../../../arm-none-eabi/lib/thumb/v7e-m+fp/hard\libc_nano.a(lib_a-wctomb_r.o)
                0x000000000800b380                __ascii_wctomb
 *fill*         0x000000000800b39a        0x2 
 .text.__swsetup_r
                0x000000000800b39c       0xdc c:/st/stm32cubeide_1.12.0/stm32cubeide/plugins/com.st.stm32cube.ide.mcu.externaltools.gnu-tools-for-stm32.10.3-2021.10.win32_1.0.200.202301161003/tools/bin/../lib/gcc/arm-none-eabi/10.3.1/../../../../arm-none-eabi/lib/thumb/v7e-m+fp/hard\libc_nano.a(lib_a-wsetup.o)
                0x000000000800b39c                __swsetup_r
 .text.abort    0x000000000800b478        0xe c:/st/stm32cubeide_1.12.0/stm32cubeide/plugins/com.st.stm32cube.ide.mcu.externaltools.gnu-tools-for-stm32.10.3-2021.10.win32_1.0.200.202301161003/tools/bin/../lib/gcc/arm-none-eabi/10.3.1/../../../../arm-none-eabi/lib/thumb/v7e-m+fp/hard\libc_nano.a(lib_a-abort.o)
                0x000000000800b478                abort
 *fill*         0x000000000800b486        0x2 
 .text.__sflush_r
                0x000000000800b488      0x10c c:/st/stm32cubeide_1.12.0/stm32cubeide/plugins/com.st.stm32cube.ide.mcu.externaltools.gnu-tools-for-stm32.10.3-2021.10.win32_1.0.200.202301161003/tools/bin/../lib/gcc/arm-none-eabi/10.3.1/../../../../arm-none-eabi/lib/thumb/v7e-m+fp/hard\libc_nano.a(lib_a-fflush.o)
                0x000000000800b488                __sflush_r
 .text._fflush_r
                0x000000000800b594       0x78 c:/st/stm32cubeide_1.12.0/stm32cubeide/plugins/com.st.stm32cube.ide.mcu.externaltools.gnu-tools-for-stm32.10.3-2021.10.win32_1.0.200.202301161003/tools/bin/../lib/gcc/arm-none-eabi/10.3.1/../../../../arm-none-eabi/lib/thumb/v7e-m+fp/hard\libc_nano.a(lib_a-fflush.o)
                0x000000000800b594                _fflush_r
 .text.std      0x000000000800b60c       0x48 c:/st/stm32cubeide_1.12.0/stm32cubeide/plugins/com.st.stm32cube.ide.mcu.externaltools.gnu-tools-for-stm32.10.3-2021.10.win32_1.0.200.202301161003/tools/bin/../lib/gcc/arm-none-eabi/10.3.1/../../../../arm-none-eabi/lib/thumb/v7e-m+fp/hard\libc_nano.a(lib_a-findfp.o)
 .text._cleanup_r
                0x000000000800b654        0xc c:/st/stm32cubeide_1.12.0/stm32cubeide/plugins/com.st.stm32cube.ide.mcu.externaltools.gnu-tools-for-stm32.10.3-2021.10.win32_1.0.200.202301161003/tools/bin/../lib/gcc/arm-none-eabi/10.3.1/../../../../arm-none-eabi/lib/thumb/v7e-m+fp/hard\libc_nano.a(lib_a-findfp.o)
                0x000000000800b654                _cleanup_r
 .text.__sfmoreglue
                0x000000000800b660       0x2c c:/st/stm32cubeide_1.12.0/stm32cubeide/plugins/com.st.stm32cube.ide.mcu.externaltools.gnu-tools-for-stm32.10.3-2021.10.win32_1.0.200.202301161003/tools/bin/../lib/gcc/arm-none-eabi/10.3.1/../../../../arm-none-eabi/lib/thumb/v7e-m+fp/hard\libc_nano.a(lib_a-findfp.o)
                0x000000000800b660                __sfmoreglue
 .text.__sfp_lock_acquire
                0x000000000800b68c        0xc c:/st/stm32cubeide_1.12.0/stm32cubeide/plugins/com.st.stm32cube.ide.mcu.externaltools.gnu-tools-for-stm32.10.3-2021.10.win32_1.0.200.202301161003/tools/bin/../lib/gcc/arm-none-eabi/10.3.1/../../../../arm-none-eabi/lib/thumb/v7e-m+fp/hard\libc_nano.a(lib_a-findfp.o)
                0x000000000800b68c                __sfp_lock_acquire
 .text.__sfp_lock_release
                0x000000000800b698        0xc c:/st/stm32cubeide_1.12.0/stm32cubeide/plugins/com.st.stm32cube.ide.mcu.externaltools.gnu-tools-for-stm32.10.3-2021.10.win32_1.0.200.202301161003/tools/bin/../lib/gcc/arm-none-eabi/10.3.1/../../../../arm-none-eabi/lib/thumb/v7e-m+fp/hard\libc_nano.a(lib_a-findfp.o)
                0x000000000800b698                __sfp_lock_release
 .text.__sinit_lock_acquire
                0x000000000800b6a4        0xc c:/st/stm32cubeide_1.12.0/stm32cubeide/plugins/com.st.stm32cube.ide.mcu.externaltools.gnu-tools-for-stm32.10.3-2021.10.win32_1.0.200.202301161003/tools/bin/../lib/gcc/arm-none-eabi/10.3.1/../../../../arm-none-eabi/lib/thumb/v7e-m+fp/hard\libc_nano.a(lib_a-findfp.o)
                0x000000000800b6a4                __sinit_lock_acquire
 .text.__sinit_lock_release
                0x000000000800b6b0        0xc c:/st/stm32cubeide_1.12.0/stm32cubeide/plugins/com.st.stm32cube.ide.mcu.externaltools.gnu-tools-for-stm32.10.3-2021.10.win32_1.0.200.202301161003/tools/bin/../lib/gcc/arm-none-eabi/10.3.1/../../../../arm-none-eabi/lib/thumb/v7e-m+fp/hard\libc_nano.a(lib_a-findfp.o)
                0x000000000800b6b0                __sinit_lock_release
 .text.__sinit  0x000000000800b6bc       0x70 c:/st/stm32cubeide_1.12.0/stm32cubeide/plugins/com.st.stm32cube.ide.mcu.externaltools.gnu-tools-for-stm32.10.3-2021.10.win32_1.0.200.202301161003/tools/bin/../lib/gcc/arm-none-eabi/10.3.1/../../../../arm-none-eabi/lib/thumb/v7e-m+fp/hard\libc_nano.a(lib_a-findfp.o)
                0x000000000800b6bc                __sinit
 .text.__sfp    0x000000000800b72c       0x8c c:/st/stm32cubeide_1.12.0/stm32cubeide/plugins/com.st.stm32cube.ide.mcu.externaltools.gnu-tools-for-stm32.10.3-2021.10.win32_1.0.200.202301161003/tools/bin/../lib/gcc/arm-none-eabi/10.3.1/../../../../arm-none-eabi/lib/thumb/v7e-m+fp/hard\libc_nano.a(lib_a-findfp.o)
                0x000000000800b72c                __sfp
 .text._fwalk_reent
                0x000000000800b7b8       0x3e c:/st/stm32cubeide_1.12.0/stm32cubeide/plugins/com.st.stm32cube.ide.mcu.externaltools.gnu-tools-for-stm32.10.3-2021.10.win32_1.0.200.202301161003/tools/bin/../lib/gcc/arm-none-eabi/10.3.1/../../../../arm-none-eabi/lib/thumb/v7e-m+fp/hard\libc_nano.a(lib_a-fwalk.o)
                0x000000000800b7b8                _fwalk_reent
 .text.__retarget_lock_init_recursive
                0x000000000800b7f6        0x2 c:/st/stm32cubeide_1.12.0/stm32cubeide/plugins/com.st.stm32cube.ide.mcu.externaltools.gnu-tools-for-stm32.10.3-2021.10.win32_1.0.200.202301161003/tools/bin/../lib/gcc/arm-none-eabi/10.3.1/../../../../arm-none-eabi/lib/thumb/v7e-m+fp/hard\libc_nano.a(lib_a-lock.o)
                0x000000000800b7f6                __retarget_lock_init_recursive
 .text.__retarget_lock_acquire_recursive
                0x000000000800b7f8        0x2 c:/st/stm32cubeide_1.12.0/stm32cubeide/plugins/com.st.stm32cube.ide.mcu.externaltools.gnu-tools-for-stm32.10.3-2021.10.win32_1.0.200.202301161003/tools/bin/../lib/gcc/arm-none-eabi/10.3.1/../../../../arm-none-eabi/lib/thumb/v7e-m+fp/hard\libc_nano.a(lib_a-lock.o)
                0x000000000800b7f8                __retarget_lock_acquire_recursive
 .text.__retarget_lock_release_recursive
                0x000000000800b7fa        0x2 c:/st/stm32cubeide_1.12.0/stm32cubeide/plugins/com.st.stm32cube.ide.mcu.externaltools.gnu-tools-for-stm32.10.3-2021.10.win32_1.0.200.202301161003/tools/bin/../lib/gcc/arm-none-eabi/10.3.1/../../../../arm-none-eabi/lib/thumb/v7e-m+fp/hard\libc_nano.a(lib_a-lock.o)
                0x000000000800b7fa                __retarget_lock_release_recursive
 .text.__swhatbuf_r
                0x000000000800b7fc       0x4a c:/st/stm32cubeide_1.12.0/stm32cubeide/plugins/com.st.stm32cube.ide.mcu.externaltools.gnu-tools-for-stm32.10.3-2021.10.win32_1.0.200.202301161003/tools/bin/../lib/gcc/arm-none-eabi/10.3.1/../../../../arm-none-eabi/lib/thumb/v7e-m+fp/hard\libc_nano.a(lib_a-makebuf.o)
                0x000000000800b7fc                __swhatbuf_r
 *fill*         0x000000000800b846        0x2 
 .text.__smakebuf_r
                0x000000000800b848       0x80 c:/st/stm32cubeide_1.12.0/stm32cubeide/plugins/com.st.stm32cube.ide.mcu.externaltools.gnu-tools-for-stm32.10.3-2021.10.win32_1.0.200.202301161003/tools/bin/../lib/gcc/arm-none-eabi/10.3.1/../../../../arm-none-eabi/lib/thumb/v7e-m+fp/hard\libc_nano.a(lib_a-makebuf.o)
                0x000000000800b848                __smakebuf_r
 .text._malloc_usable_size_r
                0x000000000800b8c8       0x10 c:/st/stm32cubeide_1.12.0/stm32cubeide/plugins/com.st.stm32cube.ide.mcu.externaltools.gnu-tools-for-stm32.10.3-2021.10.win32_1.0.200.202301161003/tools/bin/../lib/gcc/arm-none-eabi/10.3.1/../../../../arm-none-eabi/lib/thumb/v7e-m+fp/hard\libc_nano.a(lib_a-nano-msizer.o)
                0x000000000800b8c8                _malloc_usable_size_r
 .text._raise_r
                0x000000000800b8d8       0x50 c:/st/stm32cubeide_1.12.0/stm32cubeide/plugins/com.st.stm32cube.ide.mcu.externaltools.gnu-tools-for-stm32.10.3-2021.10.win32_1.0.200.202301161003/tools/bin/../lib/gcc/arm-none-eabi/10.3.1/../../../../arm-none-eabi/lib/thumb/v7e-m+fp/hard\libc_nano.a(lib_a-signal.o)
                0x000000000800b8d8                _raise_r
 .text.raise    0x000000000800b928       0x10 c:/st/stm32cubeide_1.12.0/stm32cubeide/plugins/com.st.stm32cube.ide.mcu.externaltools.gnu-tools-for-stm32.10.3-2021.10.win32_1.0.200.202301161003/tools/bin/../lib/gcc/arm-none-eabi/10.3.1/../../../../arm-none-eabi/lib/thumb/v7e-m+fp/hard\libc_nano.a(lib_a-signal.o)
                0x000000000800b928                raise
 .text._kill_r  0x000000000800b938       0x24 c:/st/stm32cubeide_1.12.0/stm32cubeide/plugins/com.st.stm32cube.ide.mcu.externaltools.gnu-tools-for-stm32.10.3-2021.10.win32_1.0.200.202301161003/tools/bin/../lib/gcc/arm-none-eabi/10.3.1/../../../../arm-none-eabi/lib/thumb/v7e-m+fp/hard\libc_nano.a(lib_a-signalr.o)
                0x000000000800b938                _kill_r
 .text._getpid_r
                0x000000000800b95c        0x4 c:/st/stm32cubeide_1.12.0/stm32cubeide/plugins/com.st.stm32cube.ide.mcu.externaltools.gnu-tools-for-stm32.10.3-2021.10.win32_1.0.200.202301161003/tools/bin/../lib/gcc/arm-none-eabi/10.3.1/../../../../arm-none-eabi/lib/thumb/v7e-m+fp/hard\libc_nano.a(lib_a-signalr.o)
                0x000000000800b95c                _getpid_r
 .text.__sread  0x000000000800b960       0x22 c:/st/stm32cubeide_1.12.0/stm32cubeide/plugins/com.st.stm32cube.ide.mcu.externaltools.gnu-tools-for-stm32.10.3-2021.10.win32_1.0.200.202301161003/tools/bin/../lib/gcc/arm-none-eabi/10.3.1/../../../../arm-none-eabi/lib/thumb/v7e-m+fp/hard\libc_nano.a(lib_a-stdio.o)
                0x000000000800b960                __sread
 .text.__swrite
                0x000000000800b982       0x38 c:/st/stm32cubeide_1.12.0/stm32cubeide/plugins/com.st.stm32cube.ide.mcu.externaltools.gnu-tools-for-stm32.10.3-2021.10.win32_1.0.200.202301161003/tools/bin/../lib/gcc/arm-none-eabi/10.3.1/../../../../arm-none-eabi/lib/thumb/v7e-m+fp/hard\libc_nano.a(lib_a-stdio.o)
                0x000000000800b982                __swrite
 .text.__sseek  0x000000000800b9ba       0x24 c:/st/stm32cubeide_1.12.0/stm32cubeide/plugins/com.st.stm32cube.ide.mcu.externaltools.gnu-tools-for-stm32.10.3-2021.10.win32_1.0.200.202301161003/tools/bin/../lib/gcc/arm-none-eabi/10.3.1/../../../../arm-none-eabi/lib/thumb/v7e-m+fp/hard\libc_nano.a(lib_a-stdio.o)
                0x000000000800b9ba                __sseek
 .text.__sclose
                0x000000000800b9de        0x8 c:/st/stm32cubeide_1.12.0/stm32cubeide/plugins/com.st.stm32cube.ide.mcu.externaltools.gnu-tools-for-stm32.10.3-2021.10.win32_1.0.200.202301161003/tools/bin/../lib/gcc/arm-none-eabi/10.3.1/../../../../arm-none-eabi/lib/thumb/v7e-m+fp/hard\libc_nano.a(lib_a-stdio.o)
                0x000000000800b9de                __sclose
 *fill*         0x000000000800b9e6        0x2 
 .text._write_r
                0x000000000800b9e8       0x24 c:/st/stm32cubeide_1.12.0/stm32cubeide/plugins/com.st.stm32cube.ide.mcu.externaltools.gnu-tools-for-stm32.10.3-2021.10.win32_1.0.200.202301161003/tools/bin/../lib/gcc/arm-none-eabi/10.3.1/../../../../arm-none-eabi/lib/thumb/v7e-m+fp/hard\libc_nano.a(lib_a-writer.o)
                0x000000000800b9e8                _write_r
 .text._close_r
                0x000000000800ba0c       0x20 c:/st/stm32cubeide_1.12.0/stm32cubeide/plugins/com.st.stm32cube.ide.mcu.externaltools.gnu-tools-for-stm32.10.3-2021.10.win32_1.0.200.202301161003/tools/bin/../lib/gcc/arm-none-eabi/10.3.1/../../../../arm-none-eabi/lib/thumb/v7e-m+fp/hard\libc_nano.a(lib_a-closer.o)
                0x000000000800ba0c                _close_r
 .text._fstat_r
                0x000000000800ba2c       0x24 c:/st/stm32cubeide_1.12.0/stm32cubeide/plugins/com.st.stm32cube.ide.mcu.externaltools.gnu-tools-for-stm32.10.3-2021.10.win32_1.0.200.202301161003/tools/bin/../lib/gcc/arm-none-eabi/10.3.1/../../../../arm-none-eabi/lib/thumb/v7e-m+fp/hard\libc_nano.a(lib_a-fstatr.o)
                0x000000000800ba2c                _fstat_r
 .text._isatty_r
                0x000000000800ba50       0x20 c:/st/stm32cubeide_1.12.0/stm32cubeide/plugins/com.st.stm32cube.ide.mcu.externaltools.gnu-tools-for-stm32.10.3-2021.10.win32_1.0.200.202301161003/tools/bin/../lib/gcc/arm-none-eabi/10.3.1/../../../../arm-none-eabi/lib/thumb/v7e-m+fp/hard\libc_nano.a(lib_a-isattyr.o)
                0x000000000800ba50                _isatty_r
 .text._lseek_r
                0x000000000800ba70       0x24 c:/st/stm32cubeide_1.12.0/stm32cubeide/plugins/com.st.stm32cube.ide.mcu.externaltools.gnu-tools-for-stm32.10.3-2021.10.win32_1.0.200.202301161003/tools/bin/../lib/gcc/arm-none-eabi/10.3.1/../../../../arm-none-eabi/lib/thumb/v7e-m+fp/hard\libc_nano.a(lib_a-lseekr.o)
                0x000000000800ba70                _lseek_r
 .text._read_r  0x000000000800ba94       0x24 c:/st/stm32cubeide_1.12.0/stm32cubeide/plugins/com.st.stm32cube.ide.mcu.externaltools.gnu-tools-for-stm32.10.3-2021.10.win32_1.0.200.202301161003/tools/bin/../lib/gcc/arm-none-eabi/10.3.1/../../../../arm-none-eabi/lib/thumb/v7e-m+fp/hard\libc_nano.a(lib_a-readr.o)
                0x000000000800ba94                _read_r
 .text.cos      0x000000000800bab8       0xa8 c:/st/stm32cubeide_1.12.0/stm32cubeide/plugins/com.st.stm32cube.ide.mcu.externaltools.gnu-tools-for-stm32.10.3-2021.10.win32_1.0.200.202301161003/tools/bin/../lib/gcc/arm-none-eabi/10.3.1/../../../../arm-none-eabi/lib/thumb/v7e-m+fp/hard\libm.a(lib_a-s_cos.o)
                0x000000000800bab8                cos
 .text.sin      0x000000000800bb60       0xb0 c:/st/stm32cubeide_1.12.0/stm32cubeide/plugins/com.st.stm32cube.ide.mcu.externaltools.gnu-tools-for-stm32.10.3-2021.10.win32_1.0.200.202301161003/tools/bin/../lib/gcc/arm-none-eabi/10.3.1/../../../../arm-none-eabi/lib/thumb/v7e-m+fp/hard\libm.a(lib_a-s_sin.o)
                0x000000000800bb60                sin
 .text.atan2    0x000000000800bc10        0x4 c:/st/stm32cubeide_1.12.0/stm32cubeide/plugins/com.st.stm32cube.ide.mcu.externaltools.gnu-tools-for-stm32.10.3-2021.10.win32_1.0.200.202301161003/tools/bin/../lib/gcc/arm-none-eabi/10.3.1/../../../../arm-none-eabi/lib/thumb/v7e-m+fp/hard\libm.a(lib_a-w_atan2.o)
                0x000000000800bc10                atan2
 *fill*         0x000000000800bc14        0x4 
 .text.__ieee754_atan2
                0x000000000800bc18      0x194 c:/st/stm32cubeide_1.12.0/stm32cubeide/plugins/com.st.stm32cube.ide.mcu.externaltools.gnu-tools-for-stm32.10.3-2021.10.win32_1.0.200.202301161003/tools/bin/../lib/gcc/arm-none-eabi/10.3.1/../../../../arm-none-eabi/lib/thumb/v7e-m+fp/hard\libm.a(lib_a-e_atan2.o)
                0x000000000800bc18                __ieee754_atan2
 *fill*         0x000000000800bdac        0x4 
 .text.__ieee754_rem_pio2
                0x000000000800bdb0      0x418 c:/st/stm32cubeide_1.12.0/stm32cubeide/plugins/com.st.stm32cube.ide.mcu.externaltools.gnu-tools-for-stm32.10.3-2021.10.win32_1.0.200.202301161003/tools/bin/../lib/gcc/arm-none-eabi/10.3.1/../../../../arm-none-eabi/lib/thumb/v7e-m+fp/hard\libm.a(lib_a-e_rem_pio2.o)
                0x000000000800bdb0                __ieee754_rem_pio2
 .text.__kernel_cos
                0x000000000800c1c8      0x18c c:/st/stm32cubeide_1.12.0/stm32cubeide/plugins/com.st.stm32cube.ide.mcu.externaltools.gnu-tools-for-stm32.10.3-2021.10.win32_1.0.200.202301161003/tools/bin/../lib/gcc/arm-none-eabi/10.3.1/../../../../arm-none-eabi/lib/thumb/v7e-m+fp/hard\libm.a(lib_a-k_cos.o)
                0x000000000800c1c8                __kernel_cos
 *fill*         0x000000000800c354        0x4 
 .text.__kernel_rem_pio2
                0x000000000800c358      0x69c c:/st/stm32cubeide_1.12.0/stm32cubeide/plugins/com.st.stm32cube.ide.mcu.externaltools.gnu-tools-for-stm32.10.3-2021.10.win32_1.0.200.202301161003/tools/bin/../lib/gcc/arm-none-eabi/10.3.1/../../../../arm-none-eabi/lib/thumb/v7e-m+fp/hard\libm.a(lib_a-k_rem_pio2.o)
                0x000000000800c358                __kernel_rem_pio2
 *fill*         0x000000000800c9f4        0x4 
 .text.__kernel_sin
                0x000000000800c9f8      0x17c c:/st/stm32cubeide_1.12.0/stm32cubeide/plugins/com.st.stm32cube.ide.mcu.externaltools.gnu-tools-for-stm32.10.3-2021.10.win32_1.0.200.202301161003/tools/bin/../lib/gcc/arm-none-eabi/10.3.1/../../../../arm-none-eabi/lib/thumb/v7e-m+fp/hard\libm.a(lib_a-k_sin.o)
                0x000000000800c9f8                __kernel_sin
 *fill*         0x000000000800cb74        0x4 
 .text.atan     0x000000000800cb78      0x340 c:/st/stm32cubeide_1.12.0/stm32cubeide/plugins/com.st.stm32cube.ide.mcu.externaltools.gnu-tools-for-stm32.10.3-2021.10.win32_1.0.200.202301161003/tools/bin/../lib/gcc/arm-none-eabi/10.3.1/../../../../arm-none-eabi/lib/thumb/v7e-m+fp/hard\libm.a(lib_a-s_atan.o)
                0x000000000800cb78                atan
 .text.fabs     0x000000000800ceb8       0x12 c:/st/stm32cubeide_1.12.0/stm32cubeide/plugins/com.st.stm32cube.ide.mcu.externaltools.gnu-tools-for-stm32.10.3-2021.10.win32_1.0.200.202301161003/tools/bin/../lib/gcc/arm-none-eabi/10.3.1/../../../../arm-none-eabi/lib/thumb/v7e-m+fp/hard\libm.a(lib_a-s_fabs.o)
                0x000000000800ceb8                fabs
 *fill*         0x000000000800ceca        0x6 
 .text.floor    0x000000000800ced0      0x100 c:/st/stm32cubeide_1.12.0/stm32cubeide/plugins/com.st.stm32cube.ide.mcu.externaltools.gnu-tools-for-stm32.10.3-2021.10.win32_1.0.200.202301161003/tools/bin/../lib/gcc/arm-none-eabi/10.3.1/../../../../arm-none-eabi/lib/thumb/v7e-m+fp/hard\libm.a(lib_a-s_floor.o)
                0x000000000800ced0                floor
 .text.scalbn   0x000000000800cfd0      0x10c c:/st/stm32cubeide_1.12.0/stm32cubeide/plugins/com.st.stm32cube.ide.mcu.externaltools.gnu-tools-for-stm32.10.3-2021.10.win32_1.0.200.202301161003/tools/bin/../lib/gcc/arm-none-eabi/10.3.1/../../../../arm-none-eabi/lib/thumb/v7e-m+fp/hard\libm.a(lib_a-s_scalbn.o)
                0x000000000800cfd0                scalbn
 *(.glue_7)
 .glue_7        0x000000000800d0dc        0x0 linker stubs
 *(.glue_7t)
 .glue_7t       0x000000000800d0dc        0x0 linker stubs
 *(.eh_frame)
 .eh_frame      0x000000000800d0dc        0x0 c:/st/stm32cubeide_1.12.0/stm32cubeide/plugins/com.st.stm32cube.ide.mcu.externaltools.gnu-tools-for-stm32.10.3-2021.10.win32_1.0.200.202301161003/tools/bin/../lib/gcc/arm-none-eabi/10.3.1/thumb/v7e-m+fp/hard/crtbegin.o
 *(.init)
 .init          0x000000000800d0dc        0x4 c:/st/stm32cubeide_1.12.0/stm32cubeide/plugins/com.st.stm32cube.ide.mcu.externaltools.gnu-tools-for-stm32.10.3-2021.10.win32_1.0.200.202301161003/tools/bin/../lib/gcc/arm-none-eabi/10.3.1/thumb/v7e-m+fp/hard/crti.o
                0x000000000800d0dc                _init
 .init          0x000000000800d0e0        0x8 c:/st/stm32cubeide_1.12.0/stm32cubeide/plugins/com.st.stm32cube.ide.mcu.externaltools.gnu-tools-for-stm32.10.3-2021.10.win32_1.0.200.202301161003/tools/bin/../lib/gcc/arm-none-eabi/10.3.1/thumb/v7e-m+fp/hard/crtn.o
 *(.fini)
 .fini          0x000000000800d0e8        0x4 c:/st/stm32cubeide_1.12.0/stm32cubeide/plugins/com.st.stm32cube.ide.mcu.externaltools.gnu-tools-for-stm32.10.3-2021.10.win32_1.0.200.202301161003/tools/bin/../lib/gcc/arm-none-eabi/10.3.1/thumb/v7e-m+fp/hard/crti.o
                0x000000000800d0e8                _fini
 .fini          0x000000000800d0ec        0x8 c:/st/stm32cubeide_1.12.0/stm32cubeide/plugins/com.st.stm32cube.ide.mcu.externaltools.gnu-tools-for-stm32.10.3-2021.10.win32_1.0.200.202301161003/tools/bin/../lib/gcc/arm-none-eabi/10.3.1/thumb/v7e-m+fp/hard/crtn.o
                0x000000000800d0f4                . = ALIGN (0x4)
                0x000000000800d0f4                _etext = .

.vfp11_veneer   0x000000000800d0f4        0x0
 .vfp11_veneer  0x000000000800d0f4        0x0 linker stubs

.v4_bx          0x000000000800d0f4        0x0
 .v4_bx         0x000000000800d0f4        0x0 linker stubs

.iplt           0x000000000800d0f4        0x0
 .iplt          0x000000000800d0f4        0x0 c:/st/stm32cubeide_1.12.0/stm32cubeide/plugins/com.st.stm32cube.ide.mcu.externaltools.gnu-tools-for-stm32.10.3-2021.10.win32_1.0.200.202301161003/tools/bin/../lib/gcc/arm-none-eabi/10.3.1/thumb/v7e-m+fp/hard/crtbegin.o

.rodata         0x000000000800d0f8      0xe10
                0x000000000800d0f8                . = ALIGN (0x4)
 *(.rodata)
 .rodata        0x000000000800d0f8        0xc ./Src/BALO/ST7735.o
 .rodata        0x000000000800d104      0x13f ./Src/main.o
 *(.rodata*)
 *fill*         0x000000000800d243        0x1 
 .rodata.LEDpgb
                0x000000000800d244        0x8 ./Src/BALO/RotaryPushButton.o
                0x000000000800d244                LEDpgb
 .rodata.LEDbala
                0x000000000800d24c        0x8 ./Src/BALO/RotaryPushButton.o
                0x000000000800d24c                LEDbala
 .rodata.PuBio_bala
                0x000000000800d254       0x14 ./Src/BALO/RotaryPushButton.o
                0x000000000800d254                PuBio_bala
 .rodata.SmallFont
                0x000000000800d268      0x478 ./Src/BALO/ST7735.o
                0x000000000800d268                SmallFont
 .rodata.Rcmd1  0x000000000800d6e0       0x3c ./Src/BALO/ST7735.o
 .rodata.Rcmd2green
                0x000000000800d71c        0xd ./Src/BALO/ST7735.o
 *fill*         0x000000000800d729        0x3 
 .rodata.Rcmd2red
                0x000000000800d72c        0xd ./Src/BALO/ST7735.o
 *fill*         0x000000000800d739        0x3 
 .rodata.Rcmd3  0x000000000800d73c       0x2b ./Src/BALO/ST7735.o
 *fill*         0x000000000800d767        0x1 
 .rodata.stepper
                0x000000000800d768      0x134 ./Src/BALO/i2cAMIS.o
                0x000000000800d768                stepper
 .rodata.PID    0x000000000800d89c       0x28 ./Src/BALO/regler.o
                0x000000000800d89c                PID
 .rodata.APBAHBPrescTable
                0x000000000800d8c4       0x10 ./Src/MCAL/mcalRCC.o
                0x000000000800d8c4                APBAHBPrescTable
 .rodata.AHBPrescTable
                0x000000000800d8d4       0x10 ./Src/system_stm32f4xx.o
                0x000000000800d8d4                AHBPrescTable
 .rodata._global_impure_ptr
                0x000000000800d8e4        0x4 c:/st/stm32cubeide_1.12.0/stm32cubeide/plugins/com.st.stm32cube.ide.mcu.externaltools.gnu-tools-for-stm32.10.3-2021.10.win32_1.0.200.202301161003/tools/bin/../lib/gcc/arm-none-eabi/10.3.1/../../../../arm-none-eabi/lib/thumb/v7e-m+fp/hard\libc_nano.a(lib_a-impure.o)
                0x000000000800d8e4                _global_impure_ptr
 .rodata._printf_float.str1.1
                0x000000000800d8e8       0x12 c:/st/stm32cubeide_1.12.0/stm32cubeide/plugins/com.st.stm32cube.ide.mcu.externaltools.gnu-tools-for-stm32.10.3-2021.10.win32_1.0.200.202301161003/tools/bin/../lib/gcc/arm-none-eabi/10.3.1/../../../../arm-none-eabi/lib/thumb/v7e-m+fp/hard\libc_nano.a(lib_a-nano-vfprintf_float.o)
 .rodata._printf_i.str1.1
                0x000000000800d8fa       0x22 c:/st/stm32cubeide_1.12.0/stm32cubeide/plugins/com.st.stm32cube.ide.mcu.externaltools.gnu-tools-for-stm32.10.3-2021.10.win32_1.0.200.202301161003/tools/bin/../lib/gcc/arm-none-eabi/10.3.1/../../../../arm-none-eabi/lib/thumb/v7e-m+fp/hard\libc_nano.a(lib_a-nano-vfprintf_i.o)
 .rodata._dtoa_r.str1.1
                0x000000000800d91c       0x90 c:/st/stm32cubeide_1.12.0/stm32cubeide/plugins/com.st.stm32cube.ide.mcu.externaltools.gnu-tools-for-stm32.10.3-2021.10.win32_1.0.200.202301161003/tools/bin/../lib/gcc/arm-none-eabi/10.3.1/../../../../arm-none-eabi/lib/thumb/v7e-m+fp/hard\libc_nano.a(lib_a-dtoa.o)
                                         0x92 (size before relaxing)
 .rodata._Balloc.str1.1
                0x000000000800d9ac       0x5c c:/st/stm32cubeide_1.12.0/stm32cubeide/plugins/com.st.stm32cube.ide.mcu.externaltools.gnu-tools-for-stm32.10.3-2021.10.win32_1.0.200.202301161003/tools/bin/../lib/gcc/arm-none-eabi/10.3.1/../../../../arm-none-eabi/lib/thumb/v7e-m+fp/hard\libc_nano.a(lib_a-mprec.o)
                                         0x73 (size before relaxing)
 .rodata.__multadd.str1.1
                0x000000000800da08       0x11 c:/st/stm32cubeide_1.12.0/stm32cubeide/plugins/com.st.stm32cube.ide.mcu.externaltools.gnu-tools-for-stm32.10.3-2021.10.win32_1.0.200.202301161003/tools/bin/../lib/gcc/arm-none-eabi/10.3.1/../../../../arm-none-eabi/lib/thumb/v7e-m+fp/hard\libc_nano.a(lib_a-mprec.o)
 .rodata.__mprec_bigtens
                0x000000000800da08       0x28 c:/st/stm32cubeide_1.12.0/stm32cubeide/plugins/com.st.stm32cube.ide.mcu.externaltools.gnu-tools-for-stm32.10.3-2021.10.win32_1.0.200.202301161003/tools/bin/../lib/gcc/arm-none-eabi/10.3.1/../../../../arm-none-eabi/lib/thumb/v7e-m+fp/hard\libc_nano.a(lib_a-mprec.o)
                0x000000000800da08                __mprec_bigtens
 .rodata.__mprec_tens
                0x000000000800da30       0xc8 c:/st/stm32cubeide_1.12.0/stm32cubeide/plugins/com.st.stm32cube.ide.mcu.externaltools.gnu-tools-for-stm32.10.3-2021.10.win32_1.0.200.202301161003/tools/bin/../lib/gcc/arm-none-eabi/10.3.1/../../../../arm-none-eabi/lib/thumb/v7e-m+fp/hard\libc_nano.a(lib_a-mprec.o)
                0x000000000800da30                __mprec_tens
 .rodata.p05.0  0x000000000800daf8        0xc c:/st/stm32cubeide_1.12.0/stm32cubeide/plugins/com.st.stm32cube.ide.mcu.externaltools.gnu-tools-for-stm32.10.3-2021.10.win32_1.0.200.202301161003/tools/bin/../lib/gcc/arm-none-eabi/10.3.1/../../../../arm-none-eabi/lib/thumb/v7e-m+fp/hard\libc_nano.a(lib_a-mprec.o)
 .rodata._svfprintf_r.str1.1
                0x000000000800db04       0x11 c:/st/stm32cubeide_1.12.0/stm32cubeide/plugins/com.st.stm32cube.ide.mcu.externaltools.gnu-tools-for-stm32.10.3-2021.10.win32_1.0.200.202301161003/tools/bin/../lib/gcc/arm-none-eabi/10.3.1/../../../../arm-none-eabi/lib/thumb/v7e-m+fp/hard\libc_nano.a(lib_a-nano-svfprintf.o)
 .rodata.__assert_func.str1.1
                0x000000000800db15       0x3c c:/st/stm32cubeide_1.12.0/stm32cubeide/plugins/com.st.stm32cube.ide.mcu.externaltools.gnu-tools-for-stm32.10.3-2021.10.win32_1.0.200.202301161003/tools/bin/../lib/gcc/arm-none-eabi/10.3.1/../../../../arm-none-eabi/lib/thumb/v7e-m+fp/hard\libc_nano.a(lib_a-assert.o)
                                         0x3d (size before relaxing)
 .rodata._setlocale_r.str1.1
                0x000000000800db51        0x8 c:/st/stm32cubeide_1.12.0/stm32cubeide/plugins/com.st.stm32cube.ide.mcu.externaltools.gnu-tools-for-stm32.10.3-2021.10.win32_1.0.200.202301161003/tools/bin/../lib/gcc/arm-none-eabi/10.3.1/../../../../arm-none-eabi/lib/thumb/v7e-m+fp/hard\libc_nano.a(lib_a-locale.o)
                                          0x9 (size before relaxing)
 .rodata.str1.1
                0x000000000800db59        0x2 c:/st/stm32cubeide_1.12.0/stm32cubeide/plugins/com.st.stm32cube.ide.mcu.externaltools.gnu-tools-for-stm32.10.3-2021.10.win32_1.0.200.202301161003/tools/bin/../lib/gcc/arm-none-eabi/10.3.1/../../../../arm-none-eabi/lib/thumb/v7e-m+fp/hard\libc_nano.a(lib_a-locale.o)
 .rodata._vfprintf_r.str1.1
                0x000000000800db5b       0x11 c:/st/stm32cubeide_1.12.0/stm32cubeide/plugins/com.st.stm32cube.ide.mcu.externaltools.gnu-tools-for-stm32.10.3-2021.10.win32_1.0.200.202301161003/tools/bin/../lib/gcc/arm-none-eabi/10.3.1/../../../../arm-none-eabi/lib/thumb/v7e-m+fp/hard\libc_nano.a(lib_a-nano-vfprintf.o)
 .rodata._ctype_
                0x000000000800db5b      0x101 c:/st/stm32cubeide_1.12.0/stm32cubeide/plugins/com.st.stm32cube.ide.mcu.externaltools.gnu-tools-for-stm32.10.3-2021.10.win32_1.0.200.202301161003/tools/bin/../lib/gcc/arm-none-eabi/10.3.1/../../../../arm-none-eabi/lib/thumb/v7e-m+fp/hard\libc_nano.a(lib_a-ctype_.o)
                0x000000000800db5b                _ctype_
 .rodata.__sf_fake_stderr
                0x000000000800dc5c       0x20 c:/st/stm32cubeide_1.12.0/stm32cubeide/plugins/com.st.stm32cube.ide.mcu.externaltools.gnu-tools-for-stm32.10.3-2021.10.win32_1.0.200.202301161003/tools/bin/../lib/gcc/arm-none-eabi/10.3.1/../../../../arm-none-eabi/lib/thumb/v7e-m+fp/hard\libc_nano.a(lib_a-findfp.o)
                0x000000000800dc5c                __sf_fake_stderr
 .rodata.__sf_fake_stdin
                0x000000000800dc7c       0x20 c:/st/stm32cubeide_1.12.0/stm32cubeide/plugins/com.st.stm32cube.ide.mcu.externaltools.gnu-tools-for-stm32.10.3-2021.10.win32_1.0.200.202301161003/tools/bin/../lib/gcc/arm-none-eabi/10.3.1/../../../../arm-none-eabi/lib/thumb/v7e-m+fp/hard\libc_nano.a(lib_a-findfp.o)
                0x000000000800dc7c                __sf_fake_stdin
 .rodata.__sf_fake_stdout
                0x000000000800dc9c       0x20 c:/st/stm32cubeide_1.12.0/stm32cubeide/plugins/com.st.stm32cube.ide.mcu.externaltools.gnu-tools-for-stm32.10.3-2021.10.win32_1.0.200.202301161003/tools/bin/../lib/gcc/arm-none-eabi/10.3.1/../../../../arm-none-eabi/lib/thumb/v7e-m+fp/hard\libc_nano.a(lib_a-findfp.o)
                0x000000000800dc9c                __sf_fake_stdout
 *fill*         0x000000000800dcbc        0x4 
 .rodata.CSWTCH.8
                0x000000000800dcc0       0x18 c:/st/stm32cubeide_1.12.0/stm32cubeide/plugins/com.st.stm32cube.ide.mcu.externaltools.gnu-tools-for-stm32.10.3-2021.10.win32_1.0.200.202301161003/tools/bin/../lib/gcc/arm-none-eabi/10.3.1/../../../../arm-none-eabi/lib/thumb/v7e-m+fp/hard\libm.a(lib_a-e_atan2.o)
 .rodata.CSWTCH.9
                0x000000000800dcd8       0x18 c:/st/stm32cubeide_1.12.0/stm32cubeide/plugins/com.st.stm32cube.ide.mcu.externaltools.gnu-tools-for-stm32.10.3-2021.10.win32_1.0.200.202301161003/tools/bin/../lib/gcc/arm-none-eabi/10.3.1/../../../../arm-none-eabi/lib/thumb/v7e-m+fp/hard\libm.a(lib_a-e_atan2.o)
 .rodata.npio2_hw