D:/GITHUB/STM32/EDS_2026/MCAL/Src/mcalRCC.c:101:7:rccSetAPBPrescaler	16	static
D:/GITHUB/STM32/EDS_2026/MCAL/Src/mcalRCC.c:163:10:rccGetSysClock	112	static
D:/GITHUB/STM32/EDS_2026/MCAL/Src/mcalRCC.c:222:10:rccGetHclkFreq	16	static,ignoring_inline_asm
D:/GITHUB/STM32/EDS_2026/MCAL/Src/mcalRCC.c:241:10:rccGetPclk1Freq	16	static,ignoring_inline_asm
D:/GITHUB/STM32/EDS_2026/MCAL/Src/mcalRCC.c:260:10:rccGetPclk2Freq	16	static,ignoring_inline_asm
D:/GITHUB/STM32/EDS_2026/MCAL/Src/mcalRCC.c:295:6:rccEnableHSE	4	static
D:/GITHUB/STM32/EDS_2026/MCAL/Src/mcalRCC.c:338:6:rccEnableHSI	4	static
D:/GITHUB/STM32/EDS_2026/MCAL/Src/mcalRCC.c:374:6:rccEnableMainPLL	4	static
D:/GITHUB/STM32/EDS_2026/MCAL/Src/mcalRCC.c:409:6:rccDisableMainPLL	4	static
D:/GITHUB/STM32/EDS_2026/MCAL/Src/mcalRCC.c:517:6:rccEnableI2SPLL	4	static
D:/GITHUB/STM32/EDS_2026/MCAL/Src/mcalRCC.c:552:6:rccDisableI2SPLL	4	static
D:/GITHUB/STM32/EDS_2026/MCAL/Src/mcalRCC.c:584:6:rccEnableClockSecuritySystem	4	static
D:/GITHUB/STM32/EDS_2026/MCAL/Src/mcalRCC.c:609:6:rccDisableClockSecuritySystem	4	static
D:/GITHUB/STM32/EDS_2026/MCAL/Src/mcalRCC.c:638:6:rccSetHSITrimmingValue	16	static
D:/GITHUB/STM32/EDS_2026/MCAL/Src/mcalRCC.c:668:9:rccGetHSICalibrationValue	16	static
D:/GITHUB/STM32/EDS_2026/MCAL/Src/mcalRCC.c:706:6:rccSelectPLLClockSource	16	static
D:/GITHUB/STM32/EDS_2026/MCAL/Src/mcalRCC.c:746:6:rccSelectSysclkSrc	16	static
D:/GITHUB/STM32/EDS_2026/MCAL/Src/mcalRCC.c:816:6:rccSetSysclkFreq	24	static
D:/GITHUB/STM32/EDS_2026/MCAL/Src/mcalRCC.c:933:6:rccAssignClk2MCO	32	static
D:/GITHUB/STM32/EDS_2026/MCAL/Src/mcalRCC.c:1035:6:rccSetAHBPrescaler	16	static
D:/GITHUB/STM32/EDS_2026/MCAL/Src/mcalRCC.c:1104:6:rccSetAPB1Prescaler	16	static
D:/GITHUB/STM32/EDS_2026/MCAL/Src/mcalRCC.c:1158:6:rccSetAPB2Prescaler	16	static
