D:/GITHUB/STM32/EDS_2026/MCAL/Src/mcalGPIO.c:42:6:gpioVerifyPort	16	static
D:/GITHUB/STM32/EDS_2026/MCAL/Src/mcalGPIO.c:57:6:gpioVerifyPin	16	static
D:/GITHUB/STM32/EDS_2026/MCAL/Src/mcalGPIO.c:74:6:gpioVerifyAltFunc	16	static
D:/GITHUB/STM32/EDS_2026/MCAL/Src/mcalGPIO.c:92:6:gpioVerifyPinMode	16	static
D:/GITHUB/STM32/EDS_2026/MCAL/Src/mcalGPIO.c:107:6:gpioVerifyOutputType	16	static
D:/GITHUB/STM32/EDS_2026/MCAL/Src/mcalGPIO.c:122:6:gpioVerifyPushPullMode	16	static
D:/GITHUB/STM32/EDS_2026/MCAL/Src/mcalGPIO.c:136:6:gpioVerifyOutputSpeed	16	static
D:/GITHUB/STM32/EDS_2026/MCAL/Src/mcalGPIO.c:176:20:gpioInitPort	16	static
D:/GITHUB/STM32/EDS_2026/MCAL/Src/mcalGPIO.c:235:20:gpioSelectPort	16	static
D:/GITHUB/STM32/EDS_2026/MCAL/Src/mcalGPIO.c:293:20:gpioDeselectPort	16	static
D:/GITHUB/STM32/EDS_2026/MCAL/Src/mcalGPIO.c:355:20:gpioSelectPinMode	16	static
D:/GITHUB/STM32/EDS_2026/MCAL/Src/mcalGPIO.c:410:20:gpioSetPin	16	static
D:/GITHUB/STM32/EDS_2026/MCAL/Src/mcalGPIO.c:449:20:gpioResetPin	16	static
D:/GITHUB/STM32/EDS_2026/MCAL/Src/mcalGPIO.c:490:20:gpioTogglePin	16	static
D:/GITHUB/STM32/EDS_2026/MCAL/Src/mcalGPIO.c:544:20:gpioSelectAltFunc	16	static
D:/GITHUB/STM32/EDS_2026/MCAL/Src/mcalGPIO.c:588:20:gpioSetLowerByte	16	static
D:/GITHUB/STM32/EDS_2026/MCAL/Src/mcalGPIO.c:606:20:gpioSetUpperByte	16	static
D:/GITHUB/STM32/EDS_2026/MCAL/Src/mcalGPIO.c:624:20:gpioSetWord	16	static
D:/GITHUB/STM32/EDS_2026/MCAL/Src/mcalGPIO.c:657:20:gpioSetOutputType	16	static
D:/GITHUB/STM32/EDS_2026/MCAL/Src/mcalGPIO.c:708:20:gpioSelectPushPullMode	16	static
D:/GITHUB/STM32/EDS_2026/MCAL/Src/mcalGPIO.c:765:20:gpioSetOutputSpeed	16	static
D:/GITHUB/STM32/EDS_2026/MCAL/Src/mcalGPIO.c:829:6:gpioGetPinState	16	static
D:/GITHUB/STM32/EDS_2026/MCAL/Src/mcalGPIO.c:864:10:gpioGetPortVal	16	static
