D:/GITHUB/STM32/EDS_2026/MCAL/Src/mcalSPI.c:38:20:__spi_Chk_TX_empty	24	static
D:/GITHUB/STM32/EDS_2026/MCAL/Src/mcalSPI.c:47:20:__spi_Chk_RX_empty	24	static
D:/GITHUB/STM32/EDS_2026/MCAL/Src/mcalSPI.c:57:20:__spi_Chk_notBSY	16	static
D:/GITHUB/STM32/EDS_2026/MCAL/Src/mcalSPI.c:72:13:spiVerifySPI	16	static
D:/GITHUB/STM32/EDS_2026/MCAL/Src/mcalSPI.c:84:13:spiVerifyClkDivider	16	static
D:/GITHUB/STM32/EDS_2026/MCAL/Src/mcalSPI.c:99:13:spiVerifySSM	16	static
D:/GITHUB/STM32/EDS_2026/MCAL/Src/mcalSPI.c:126:13:spiVerifyOpMode	16	static
D:/GITHUB/STM32/EDS_2026/MCAL/Src/mcalSPI.c:138:13:spiVerifyPhase	16	static
D:/GITHUB/STM32/EDS_2026/MCAL/Src/mcalSPI.c:150:13:spiVerifyIdlePolarity	16	static
D:/GITHUB/STM32/EDS_2026/MCAL/Src/mcalSPI.c:162:19:spiSetDataLen	16	static
D:/GITHUB/STM32/EDS_2026/MCAL/Src/mcalSPI.c:182:19:spiInitSPI	24	static
D:/GITHUB/STM32/EDS_2026/MCAL/Src/mcalSPI.c:332:19:spiSelectSPI	16	static
D:/GITHUB/STM32/EDS_2026/MCAL/Src/mcalSPI.c:358:19:spiDeselectSPI	16	static
D:/GITHUB/STM32/EDS_2026/MCAL/Src/mcalSPI.c:388:19:spiEnableSPI	16	static
D:/GITHUB/STM32/EDS_2026/MCAL/Src/mcalSPI.c:404:19:spiDisableSPI	16	static
D:/GITHUB/STM32/EDS_2026/MCAL/Src/mcalSPI.c:419:19:spiWriteByte	24	static
D:/GITHUB/STM32/EDS_2026/MCAL/Src/mcalSPI.c:466:19:spiWriteWord	24	static
D:/GITHUB/STM32/EDS_2026/MCAL/Src/mcalSPI.c:501:19:spiSendData	24	static
D:/GITHUB/STM32/EDS_2026/MCAL/Src/mcalSPI.c:538:9:spiReadByte	32	static
D:/GITHUB/STM32/EDS_2026/MCAL/Src/mcalSPI.c:559:9:spiReadRegByte	32	static
D:/GITHUB/STM32/EDS_2026/MCAL/Src/mcalSPI.c:580:19:spiReadRegWord	32	static
D:/GITHUB/STM32/EDS_2026/MCAL/Src/mcalSPI.c:610:19:spiReadRegBurst	40	static
D:/GITHUB/STM32/EDS_2026/MCAL/Src/mcalSPI.c:658:6:spiEnableInterruptType	16	static
D:/GITHUB/STM32/EDS_2026/MCAL/Src/mcalSPI.c:663:6:spiDisableInterruptType	16	static
D:/GITHUB/STM32/EDS_2026/MCAL/Src/mcalSPI.c:668:6:spiClearInterruptType	16	static
D:/GITHUB/STM32/EDS_2026/MCAL/Src/mcalSPI.c:673:6:spiEnableDmaType	16	static
D:/GITHUB/STM32/EDS_2026/MCAL/Src/mcalSPI.c:678:6:spiDisableDmaType	16	static
D:/GITHUB/STM32/EDS_2026/MCAL/Src/mcalSPI.c:684:19:spiSetOpMode	16	static
