D:/GITHUB/STM32/EDS_2026/MCAL/Src/mcalUsart.c:50:13:usartVerifyUsart	16	static
D:/GITHUB/STM32/EDS_2026/MCAL/Src/mcalUsart.c:63:13:usartVerifyIrqType	16	static
D:/GITHUB/STM32/EDS_2026/MCAL/Src/mcalUsart.c:77:13:usartVerifyParity	16	static
D:/GITHUB/STM32/EDS_2026/MCAL/Src/mcalUsart.c:89:13:usartVerifyWordlen	16	static
D:/GITHUB/STM32/EDS_2026/MCAL/Src/mcalUsart.c:101:13:usartVerifyNumStopBits	16	static
D:/GITHUB/STM32/EDS_2026/MCAL/Src/mcalUsart.c:114:13:usartVerifyOverSampling	16	static
D:/GITHUB/STM32/EDS_2026/MCAL/Src/mcalUsart.c:126:13:usartVerifyRxEnableMode	16	static
D:/GITHUB/STM32/EDS_2026/MCAL/Src/mcalUsart.c:138:13:usartVerifyTxEnableMode	16	static
D:/GITHUB/STM32/EDS_2026/MCAL/Src/mcalUsart.c:147:13:usartVerifyDmaTxMode	16	static
D:/GITHUB/STM32/EDS_2026/MCAL/Src/mcalUsart.c:156:13:usartVerifyDmaRxMode	16	static
D:/GITHUB/STM32/EDS_2026/MCAL/Src/mcalUsart.c:188:21:usartEnableUsart	16	static
D:/GITHUB/STM32/EDS_2026/MCAL/Src/mcalUsart.c:237:21:usartStartUsart	16	static
D:/GITHUB/STM32/EDS_2026/MCAL/Src/mcalUsart.c:283:21:usartDisableUsart	16	static
D:/GITHUB/STM32/EDS_2026/MCAL/Src/mcalUsart.c:330:21:usartSelectUsart	16	static
D:/GITHUB/STM32/EDS_2026/MCAL/Src/mcalUsart.c:378:21:usartDeselectUsart	16	static
D:/GITHUB/STM32/EDS_2026/MCAL/Src/mcalUsart.c:424:21:usartSetFlowCtrlMode	16	static
D:/GITHUB/STM32/EDS_2026/MCAL/Src/mcalUsart.c:457:21:usartEnableIrq	16	static
D:/GITHUB/STM32/EDS_2026/MCAL/Src/mcalUsart.c:541:21:usartDisableIrq	16	static
D:/GITHUB/STM32/EDS_2026/MCAL/Src/mcalUsart.c:634:21:usartSetBaudrate	32	static
D:/GITHUB/STM32/EDS_2026/MCAL/Src/mcalUsart.c:683:21:usartSetCommParams	24	static
D:/GITHUB/STM32/EDS_2026/MCAL/Src/mcalUsart.c:742:21:usartSetWordlength	16	static
D:/GITHUB/STM32/EDS_2026/MCAL/Src/mcalUsart.c:795:21:usartSetParity	16	static
D:/GITHUB/STM32/EDS_2026/MCAL/Src/mcalUsart.c:851:21:usartSetNumStopBits	16	static
D:/GITHUB/STM32/EDS_2026/MCAL/Src/mcalUsart.c:913:21:usartSetOversampling	16	static
D:/GITHUB/STM32/EDS_2026/MCAL/Src/mcalUsart.c:958:21:usartEnableReceiver	16	static
D:/GITHUB/STM32/EDS_2026/MCAL/Src/mcalUsart.c:1005:21:usartEnableTransmitter	16	static
D:/GITHUB/STM32/EDS_2026/MCAL/Src/mcalUsart.c:1044:21:usartEnableIrqList	32	static
D:/GITHUB/STM32/EDS_2026/MCAL/Src/mcalUsart.c:1164:21:usartSendByte	16	static
D:/GITHUB/STM32/EDS_2026/MCAL/Src/mcalUsart.c:1203:21:usartSendString	16	static
D:/GITHUB/STM32/EDS_2026/MCAL/Src/mcalUsart.c:1219:6:usartInitBuffer	4	static
D:/GITHUB/STM32/EDS_2026/MCAL/Src/mcalUsart.c:1256:21:usartResetIrqFlag	16	static
D:/GITHUB/STM32/EDS_2026/MCAL/Src/mcalUsart.c:1309:21:usartSetDmaTxMode	16	static
D:/GITHUB/STM32/EDS_2026/MCAL/Src/mcalUsart.c:1352:21:usartSetDmaRxMode	16	static
