14:32:10 **** Incremental Build of configuration Debug for project BALi ****
make -j12 all 
arm-none-eabi-gcc -o "BALi.elf" @"objects.list"  -lCMSIS -mcpu=cortex-m4 -T"C:\GITHUB\STM32\EDS_2026\BALi\STM32F401RETX_FLASH.ld" --specs=nosys.specs -Wl,-Map="BALi.map" -Wl,--gc-sections -static -L"C:\GITHUB\STM32\EDS_2026\CMSIS\Debug" --specs=nano.specs -mfpu=fpv4-sp-d16 -mfloat-abi=hard -mthumb -u _printf_float -Wl,--start-group -lc -lm -Wl,--end-group
Finished building target: BALi.elf
 
arm-none-eabi-size   BALi.elf 
arm-none-eabi-objdump -h -S  BALi.elf  > "BALi.list"
   text	   data	    bss	    dec	    hex	filename
  56904	   1696	   2496	  61096	   eea8	BALi.elf
Finished building: default.size.stdout
 
Finished building: BALi.list
 

14:32:11 Build Finished. 0 errors, 0 warnings. (took 1s.306ms)

