12:45:14 **** Build of configuration Debug for project BLINK2_AZBoard ****
make -j8 all 
arm-none-eabi-gcc -mcpu=cortex-m4 -g3 -DDEBUG -c -x assembler-with-cpp -MMD -MP -MF"Startup/startup_stm32f401ccux.d" -MT"Startup/startup_stm32f401ccux.o" --specs=nano.specs -mfpu=fpv4-sp-d16 -mfloat-abi=hard -mthumb -o "Startup/startup_stm32f401ccux.o" "../Startup/startup_stm32f401ccux.s"
arm-none-eabi-gcc "../Src/main.c" -mcpu=cortex-m4 -std=gnu11 -g3 -DDEBUG -DSTM32F401CCUx -DSTM32 -DSTM32F4 -c -I"D:/GITHUB/STM32/EDS_2026/CMSIS/Device/ST/STM32F4xx/Include" -I"D:/GITHUB/STM32/EDS_2026/CMSIS/Include" -I"D:/GITHUB/STM32/EDS_2026/BLINK2_AZBoard/Inc" -O0 -ffunction-sections -fdata-sections -Wall -fstack-usage -fcyclomatic-complexity -MMD -MP -MF"Src/main.d" -MT"Src/main.o" --specs=nano.specs -mfpu=fpv4-sp-d16 -mfloat-abi=hard -mthumb -o "Src/main.o"
arm-none-eabi-gcc "../Src/syscalls.c" -mcpu=cortex-m4 -std=gnu11 -g3 -DDEBUG -DSTM32F401CCUx -DSTM32 -DSTM32F4 -c -I"D:/GITHUB/STM32/EDS_2026/CMSIS/Device/ST/STM32F4xx/Include" -I"D:/GITHUB/STM32/EDS_2026/CMSIS/Include" -I"D:/GITHUB/STM32/EDS_2026/BLINK2_AZBoard/Inc" -O0 -ffunction-sections -fdata-sections -Wall -fstack-usage -fcyclomatic-complexity -MMD -MP -MF"Src/syscalls.d" -MT"Src/syscalls.o" --specs=nano.specs -mfpu=fpv4-sp-d16 -mfloat-abi=hard -mthumb -o "Src/syscalls.o"
arm-none-eabi-gcc "../Src/sysmem.c" -mcpu=cortex-m4 -std=gnu11 -g3 -DDEBUG -DSTM32F401CCUx -DSTM32 -DSTM32F4 -c -I"D:/GITHUB/STM32/EDS_2026/CMSIS/Device/ST/STM32F4xx/Include" -I"D:/GITHUB/STM32/EDS_2026/CMSIS/Include" -I"D:/GITHUB/STM32/EDS_2026/BLINK2_AZBoard/Inc" -O0 -ffunction-sections -fdata-sections -Wall -fstack-usage -fcyclomatic-complexity -MMD -MP -MF"Src/sysmem.d" -MT"Src/sysmem.o" --specs=nano.specs -mfpu=fpv4-sp-d16 -mfloat-abi=hard -mthumb -o "Src/sysmem.o"
arm-none-eabi-gcc -o "BLINK2_AZBoard.elf" @"objects.list"   -mcpu=cortex-m4 -T"D:\GITHUB\STM32\EDS_2026\BLINK2_AZBoard\STM32F401CCUX_FLASH.ld" --specs=nosys.specs -Wl,-Map="BLINK2_AZBoard.map" -Wl,--gc-sections -static --specs=nano.specs -mfpu=fpv4-sp-d16 -mfloat-abi=hard -mthumb -Wl,--start-group -lc -lm -Wl,--end-group
Finished building target: BLINK2_AZBoard.elf
 
arm-none-eabi-size   BLINK2_AZBoard.elf 
arm-none-eabi-objdump -h -S  BLINK2_AZBoard.elf  > "BLINK2_AZBoard.list"
   text	   data	    bss	    dec	    hex	filename
    804	      8	   1568	   2380	    94c	BLINK2_AZBoard.elf
Finished building: default.size.stdout
 
Finished building: BLINK2_AZBoard.list
 

12:45:15 Build Finished. 0 errors, 0 warnings. (took 1s.86ms)

