22:36:18 **** Incremental Build of configuration Debug for project BALO ****
make -j8 all 
arm-none-eabi-gcc "../Src/i2cDeivces.c" -mcpu=cortex-m4 -std=gnu11 -g3 -DDEBUG -DSTM32 -DSTM32F401RETx -DSTM32F4 -c -I"D:/GITHUB/STM32/EDS_2026/CMSIS/Device/ST/STM32F4xx/Include" -I"D:/GITHUB/STM32/EDS_2026/CMSIS/Include" -I"D:/GITHUB/STM32/EDS_2026/MCAL/Inc" -I"D:/GITHUB/STM32/EDS_2026/MCAL/Inc/mcalTimer" -I"D:/GITHUB/STM32/EDS_2026/BALO/Inc" -O0 -ffunction-sections -fdata-sections -Wall -fstack-usage -fcyclomatic-complexity -MMD -MP -MF"Src/i2cDeivces.d" -MT"Src/i2cDeivces.o" --specs=nano.specs -mfpu=fpv4-sp-d16 -mfloat-abi=hard -mthumb -o "Src/i2cDeivces.o"
arm-none-eabi-ar -r  "libBALO.a" @"objects.list"  
arm-none-eabi-ar: creating libBALO.a
Finished building target: libBALO.a
 
22:36:19 **** Incremental Build of configuration Debug for project BALO ****
make -j8 all 
arm-none-eabi-gcc "../Src/i2cDeivces.c" -mcpu=cortex-m4 -std=gnu11 -g3 -DDEBUG -DSTM32 -DSTM32F401RETx -DSTM32F4 -c -I"D:/GITHUB/STM32/EDS_2026/CMSIS/Device/ST/STM32F4xx/Include" -I"D:/GITHUB/STM32/EDS_2026/CMSIS/Include" -I"D:/GITHUB/STM32/EDS_2026/MCAL/Inc" -I"D:/GITHUB/STM32/EDS_2026/MCAL/Inc/mcalTimer" -I"D:/GITHUB/STM32/EDS_2026/BALO/Inc" -O0 -ffunction-sections -fdata-sections -Wall -fstack-usage -fcyclomatic-complexity -MMD -MP -MF"Src/i2cDeivces.d" -MT"Src/i2cDeivces.o" --specs=nano.specs -mfpu=fpv4-sp-d16 -mfloat-abi=hard -mthumb -o "Src/i2cDeivces.o"
arm-none-eabi-ar -r  "libBALO.a" @"objects.list"  
arm-none-eabi-ar: creating libBALO.a
Finished building target: libBALO.a
 
22:36:20 **** Incremental Build of configuration Debug for project BALi_NucF401 ****
make -j8 all 
arm-none-eabi-gcc "D:/GITHUB/STM32/EDS_2026/MCAL/Src/mcalI2C.c" -mcpu=cortex-m4 -std=gnu11 -g3 -DSTM32 -DSTM32F4 -DSTM32F401RETx -DDEBUG -c -I"D:/GITHUB/STM32/EDS_2026/CMSIS/Include" -I"D:/GITHUB/STM32/EDS_2026/CMSIS/Device/ST/STM32F4xx/Include" -I"D:/GITHUB/STM32/EDS_2026/MCAL/Inc" -I"D:/GITHUB/STM32/EDS_2026/BALO/inc" -I"D:/GITHUB/STM32/EDS_2026/BALi_NucF401/Inc" -O0 -ffunction-sections -fdata-sections -Wall -fstack-usage -fcyclomatic-complexity -MMD -MP -MF"Src/MCAL/mcalI2C.d" -MT"Src/MCAL/mcalI2C.o" --specs=nano.specs -mfpu=fpv4-sp-d16 -mfloat-abi=hard -mthumb -o "Src/MCAL/mcalI2C.o"
arm-none-eabi-gcc "../Src/main.c" -mcpu=cortex-m4 -std=gnu11 -g3 -DSTM32 -DSTM32F4 -DSTM32F401RETx -DDEBUG -c -I"D:/GITHUB/STM32/EDS_2026/CMSIS/Include" -I"D:/GITHUB/STM32/EDS_2026/CMSIS/Device/ST/STM32F4xx/Include" -I"D:/GITHUB/STM32/EDS_2026/MCAL/Inc" -I"D:/GITHUB/STM32/EDS_2026/BALO/inc" -I"D:/GITHUB/STM32/EDS_2026/BALi_NucF401/Inc" -O0 -ffunction-sections -fdata-sections -Wall -fstack-usage -fcyclomatic-complexity -MMD -MP -MF"Src/main.d" -MT"Src/main.o" --specs=nano.specs -mfpu=fpv4-sp-d16 -mfloat-abi=hard -mthumb -o "Src/main.o"
arm-none-eabi-gcc -o "BALi_NucF401.elf" @"objects.list"  -lCMSIS -mcpu=cortex-m4 -T"D:\GITHUB\STM32\EDS_2026\BALi_NucF401\STM32F401RETX_FLASH.ld" --specs=nosys.specs -Wl,-Map="BALi_NucF401.map" -Wl,--gc-sections -static -L"D:\GITHUB\STM32\EDS_2026\BALO\Debug" -L"D:\GITHUB\STM32\EDS_2026\CMSIS\Debug" -L"D:\GITHUB\STM32\EDS_2026\MCAL\Debug" --specs=nano.specs -mfpu=fpv4-sp-d16 -mfloat-abi=hard -mthumb -u _printf_float -Wl,--start-group -lc -lm -Wl,--end-group
Finished building target: BALi_NucF401.elf
 
arm-none-eabi-size   BALi_NucF401.elf 
arm-none-eabi-objdump -h -S  BALi_NucF401.elf  > "BALi_NucF401.list"
   text	   data	    bss	    dec	    hex	filename
  57088	   1696	   2496	  61280	   ef60	BALi_NucF401.elf
Finished building: default.size.stdout
 
Finished building: BALi_NucF401.list
 
22:36:23 **** Incremental Build of configuration Debug for project BALO ****
make -j8 all 
make: Nothing to be done for 'all'.
22:36:23 **** Incremental Build of configuration Debug for project BALi_NucF401 ****
make -j8 all 
arm-none-eabi-gcc "../Src/main.c" -mcpu=cortex-m4 -std=gnu11 -g3 -DSTM32 -DSTM32F4 -DSTM32F401RETx -DDEBUG -c -I"D:/GITHUB/STM32/EDS_2026/CMSIS/Include" -I"D:/GITHUB/STM32/EDS_2026/CMSIS/Device/ST/STM32F4xx/Include" -I"D:/GITHUB/STM32/EDS_2026/MCAL/Inc" -I"D:/GITHUB/STM32/EDS_2026/BALO/inc" -I"D:/GITHUB/STM32/EDS_2026/BALi_NucF401/Inc" -O0 -ffunction-sections -fdata-sections -Wall -fstack-usage -fcyclomatic-complexity -MMD -MP -MF"Src/main.d" -MT"Src/main.o" --specs=nano.specs -mfpu=fpv4-sp-d16 -mfloat-abi=hard -mthumb -o "Src/main.o"
arm-none-eabi-gcc -o "BALi_NucF401.elf" @"objects.list"  -lCMSIS -mcpu=cortex-m4 -T"D:\GITHUB\STM32\EDS_2026\BALi_NucF401\STM32F401RETX_FLASH.ld" --specs=nosys.specs -Wl,-Map="BALi_NucF401.map" -Wl,--gc-sections -static -L"D:\GITHUB\STM32\EDS_2026\BALO\Debug" -L"D:\GITHUB\STM32\EDS_2026\CMSIS\Debug" -L"D:\GITHUB\STM32\EDS_2026\MCAL\Debug" --specs=nano.specs -mfpu=fpv4-sp-d16 -mfloat-abi=hard -mthumb -u _printf_float -Wl,--start-group -lc -lm -Wl,--end-group
Finished building target: BALi_NucF401.elf
 
arm-none-eabi-size   BALi_NucF401.elf 
arm-none-eabi-objdump -h -S  BALi_NucF401.elf  > "BALi_NucF401.list"
   text	   data	    bss	    dec	    hex	filename
  57088	   1696	   2496	  61280	   ef60	BALi_NucF401.elf
Finished building: default.size.stdout
 
Finished building: BALi_NucF401.list
 
