D:/GITHUB/STM32/EDS_2026/MCAL/Src/mcalTimer/mcalTimer.c:89:6:timerSelectTimer	16	static
D:/GITHUB/STM32/EDS_2026/MCAL/Src/mcalTimer/mcalTimer.c:154:6:timerDeselectTimer	16	static
D:/GITHUB/STM32/EDS_2026/MCAL/Src/mcalTimer/mcalTimer.c:215:21:timerEnableAutoReloadPreload	16	static
D:/GITHUB/STM32/EDS_2026/MCAL/Src/mcalTimer/mcalTimer.c:245:21:timerDisableAutoReloadPreload	16	static
D:/GITHUB/STM32/EDS_2026/MCAL/Src/mcalTimer/mcalTimer.c:284:6:timerSetPrescaler	16	static
D:/GITHUB/STM32/EDS_2026/MCAL/Src/mcalTimer/mcalTimer.c:317:10:timerGetPrescaler	16	static
D:/GITHUB/STM32/EDS_2026/MCAL/Src/mcalTimer/mcalTimer.c:350:6:timerSetAutoReloadValue	16	static
D:/GITHUB/STM32/EDS_2026/MCAL/Src/mcalTimer/mcalTimer.c:394:10:timerGetAutoReloadValue	16	static
D:/GITHUB/STM32/EDS_2026/MCAL/Src/mcalTimer/mcalTimer.c:427:6:timerSetCounter	16	static
D:/GITHUB/STM32/EDS_2026/MCAL/Src/mcalTimer/mcalTimer.c:462:10:timerGetCounter	16	static
D:/GITHUB/STM32/EDS_2026/MCAL/Src/mcalTimer/mcalTimer.c:494:6:timerResetCounter	16	static
D:/GITHUB/STM32/EDS_2026/MCAL/Src/mcalTimer/mcalTimer.c:522:6:timerStartTimer	16	static
D:/GITHUB/STM32/EDS_2026/MCAL/Src/mcalTimer/mcalTimer.c:549:6:timerStopTimer	16	static
D:/GITHUB/STM32/EDS_2026/MCAL/Src/mcalTimer/mcalTimer.c:577:21:timerEnableOneShot	16	static
D:/GITHUB/STM32/EDS_2026/MCAL/Src/mcalTimer/mcalTimer.c:610:21:timerDisableOneShot	16	static
D:/GITHUB/STM32/EDS_2026/MCAL/Src/mcalTimer/mcalTimer.c:644:21:timerGetOneShotMode	16	static
D:/GITHUB/STM32/EDS_2026/MCAL/Src/mcalTimer/mcalTimer.c:681:21:timerSetCountingDir	16	static
